Component: ARM Compiler 5.06 update 6 (build 750) Tool: armlink [4d35ed]

==============================================================================

Section Cross References

    startup_stm32f10x_hd.o(STACK) refers (Special) to heapauxi.o(.text) for __use_two_region_memory
    startup_stm32f10x_hd.o(HEAP) refers (Special) to heapauxi.o(.text) for __use_two_region_memory
    startup_stm32f10x_hd.o(RESET) refers (Special) to heapauxi.o(.text) for __use_two_region_memory
    startup_stm32f10x_hd.o(RESET) refers to startup_stm32f10x_hd.o(STACK) for __initial_sp
    startup_stm32f10x_hd.o(RESET) refers to startup_stm32f10x_hd.o(.text) for Reset_Handler
    startup_stm32f10x_hd.o(RESET) refers to stm32f10x_it.o(.text) for NMI_Handler
    startup_stm32f10x_hd.o(RESET) refers to os_cpu_a.o(.text) for OS_CPU_PendSVHandler
    startup_stm32f10x_hd.o(.text) refers (Special) to heapauxi.o(.text) for __use_two_region_memory
    startup_stm32f10x_hd.o(.text) refers to system_stm32f10x.o(.text) for SystemInit
    startup_stm32f10x_hd.o(.text) refers to __main.o(!!!main) for __main
    startup_stm32f10x_hd.o(.text) refers to startup_stm32f10x_hd.o(HEAP) for Heap_Mem
    startup_stm32f10x_hd.o(.text) refers to startup_stm32f10x_hd.o(STACK) for Stack_Mem
    system_stm32f10x.o(.text) refers to system_stm32f10x.o(.data) for SystemCoreClock
    stm32f10x_adc.o(.text) refers to stm32f10x_rcc.o(.text) for RCC_APB2PeriphResetCmd
    stm32f10x_bkp.o(.text) refers to stm32f10x_rcc.o(.text) for RCC_BackupResetCmd
    stm32f10x_can.o(.text) refers to stm32f10x_rcc.o(.text) for RCC_APB1PeriphResetCmd
    stm32f10x_cec.o(.text) refers to stm32f10x_rcc.o(.text) for RCC_APB1PeriphResetCmd
    stm32f10x_dac.o(.text) refers to stm32f10x_rcc.o(.text) for RCC_APB1PeriphResetCmd
    stm32f10x_gpio.o(.text) refers to stm32f10x_rcc.o(.text) for RCC_APB2PeriphResetCmd
    stm32f10x_i2c.o(.text) refers to stm32f10x_rcc.o(.text) for RCC_APB1PeriphResetCmd
    stm32f10x_pwr.o(.text) refers to stm32f10x_rcc.o(.text) for RCC_APB1PeriphResetCmd
    stm32f10x_rcc.o(.text) refers to stm32f10x_rcc.o(.data) for APBAHBPrescTable
    stm32f10x_spi.o(.text) refers to stm32f10x_rcc.o(.text) for RCC_APB2PeriphResetCmd
    stm32f10x_tim.o(.text) refers to stm32f10x_rcc.o(.text) for RCC_APB2PeriphResetCmd
    stm32f10x_usart.o(.text) refers to stm32f10x_rcc.o(.text) for RCC_APB2PeriphResetCmd
    stm32f10x_wwdg.o(.text) refers to stm32f10x_rcc.o(.text) for RCC_APB1PeriphResetCmd
    main.o(.text) refers to bsp.o(.text) for BSP_Init
    main.o(.text) refers to os_core.o(.text) for OSInit
    main.o(.text) refers to os_task.o(.text) for OSTaskCreateExt
    main.o(.text) refers to app.o(.bss) for startup_task_stk
    main.o(.text) refers to app.o(.text) for Task_Start
    stm32f10x_it.o(.text) refers to os_core.o(.text) for OSIntEnter
    app.o(.text) refers to _printf_percent.o(.ARM.Collect$$_printf_percent$$00000000) for _printf_percent
    app.o(.text) refers to _printf_d.o(.ARM.Collect$$_printf_percent$$00000009) for _printf_d
    app.o(.text) refers to _printf_dec.o(.text) for _printf_int_dec
    app.o(.text) refers to noretval__2sprintf.o(.text) for __2sprintf
    app.o(.text) refers to os_time.o(.text) for OSTimeDlyHMSM
    app.o(.text) refers to bsp_adc.o(.text) for Get_ADC1
    app.o(.text) refers to fflt_clz.o(x$fpl$ffltu) for __aeabi_ui2f
    app.o(.text) refers to fmul.o(x$fpl$fmul) for __aeabi_fmul
    app.o(.text) refers to fdiv.o(x$fpl$fdiv) for __aeabi_fdiv
    app.o(.text) refers to ffixu.o(x$fpl$ffixu) for __aeabi_f2uiz
    app.o(.text) refers to bsp_lcd1602.o(.text) for LCD_Write_String
    app.o(.text) refers to os_task.o(.text) for OSTaskStkChk
    app.o(.text) refers to matrixkey.o(.text) for GetKeyValue
    app.o(.text) refers to global_variables.o(.bss) for Microwaves
    app.o(.text) refers to global_variables.o(.data) for Matrixkey
    app.o(.text) refers to app.o(.bss) for task_led1_stk
    bsp.o(.text) refers to system_stm32f10x.o(.text) for SystemInit
    bsp.o(.text) refers to bsp_led.o(.text) for LED_Init
    bsp.o(.text) refers to matrixkey.o(.text) for MatrixkeyInit
    bsp.o(.text) refers to bsp_lcd1602.o(.text) for Lcd1602_Init
    bsp.o(.text) refers to bsp_pwm.o(.text) for TIM8_PWM_Init
    bsp.o(.text) refers to bsp_adc.o(.text) for ADC1Init
    bsp.o(.text) refers to system_stm32f10x.o(.data) for SystemCoreClock
    bsp_led.o(.text) refers to stm32f10x_rcc.o(.text) for RCC_APB2PeriphClockCmd
    bsp_led.o(.text) refers to stm32f10x_gpio.o(.text) for GPIO_Init
    bsp_lcd1602.o(.text) refers to stm32f10x_rcc.o(.text) for RCC_APB2PeriphClockCmd
    bsp_lcd1602.o(.text) refers to stm32f10x_gpio.o(.text) for GPIO_Init
    bsp_lcd1602.o(.text) refers to bsp_lib.o(.text) for RoughDelay_us
    matrixkey.o(.text) refers to stm32f10x_rcc.o(.text) for RCC_APB2PeriphClockCmd
    matrixkey.o(.text) refers to stm32f10x_gpio.o(.text) for GPIO_Init
    matrixkey.o(.text) refers to os_time.o(.text) for OSTimeDlyHMSM
[...]

Image Symbol Table

    Local Symbols

    Symbol Name                              Value     Ov Type        Size  Object(Section)

    ../clib/angel/boardlib.s                 0x00000000   Number         0  boardinit3.o ABSOLUTE
    ../clib/angel/boardlib.s                 0x00000000   Number         0  boardinit2.o ABSOLUTE
    ../clib/angel/boardlib.s                 0x00000000   Number         0  boardinit1.o ABSOLUTE
    ../clib/angel/boardlib.s                 0x00000000   Number         0  boardshut.o ABSOLUTE
    ../clib/angel/handlers.s                 0x00000000   Number         0  __scatter_copy.o ABSOLUTE
    ../clib/angel/handlers.s                 0x00000000   Number         0  __scatter_zi.o ABSOLUTE
    ../clib/angel/kernel.s                   0x00000000   Number         0  __rtentry2.o ABSOLUTE
    ../clib/angel/kernel.s                   0x00000000   Number         0  __rtentry4.o ABSOLUTE
    ../clib/angel/kernel.s                   0x00000000   Number         0  rtexit2.o ABSOLUTE
    ../clib/angel/kernel.s                   0x00000000   Number         0  rtexit.o ABSOLUTE
    ../clib/angel/kernel.s                   0x00000000   Number         0  __rtentry.o ABSOLUTE
    ../clib/angel/rt.s                       0x00000000   Number         0  rt_raise.o ABSOLUTE
    ../clib/angel/scatter.s                  0x00000000   Number         0  __scatter.o ABSOLUTE
    ../clib/angel/startup.s                  0x00000000   Number         0  __main.o ABSOLUTE
    ../clib/angel/sys.s                      0x00000000   Number         0  use_no_semi.o ABSOLUTE
    ../clib/angel/sys.s                      0x00000000   Number         0  indicate_semi.o ABSOLUTE
    ../clib/angel/sys.s                      0x00000000   Number         0  sys_stackheap_outer.o ABSOLUTE
    ../clib/angel/sys.s                      0x00000000   Number         0  libspace.o ABSOLUTE
    ../clib/angel/sysapp.c                   0x00000000   Number         0  sys_command.o ABSOLUTE
    ../clib/angel/sysapp.c                   0x00000000   Number         0  sys_wrch.o ABSOLUTE
    ../clib/angel/sysapp.c                   0x00000000   Number         0  sys_exit.o ABSOLUTE
    ../clib/armsys.c                         0x00000000   Number         0  argv_veneer.o ABSOLUTE
    ../clib/armsys.c                         0x00000000   Number         0  argv_veneer.o ABSOLUTE
    ../clib/armsys.c                         0x00000000   Number         0  _get_argv_nomalloc.o ABSOLUTE
    ../clib/armsys.c                         0x00000000   Number         0  no_argv.o ABSOLUTE
    ../clib/heapalloc.c                      0x00000000   Number         0  hrguard.o ABSOLUTE
    ../clib/heapaux.c                        0x00000000   Number         0  heapauxi.o ABSOLUTE
    ../clib/libinit.s                        0x00000000   Number         0  libshutdown.o ABSOLUTE
    ../clib/libinit.s                        0x00000000   Number         0  libinit2.o ABSOLUTE
    ../clib/libinit.s                        0x00000000   Number         0  libshutdown2.o ABSOLUTE
    ../clib/libinit.s                        0x00000000   Number         0  libinit.o ABSOLUTE
    ../clib/printf.c                         0x00000000   Number         0  __printf_flags_ss.o ABSOLUTE
    ../clib/printf.c                         0x00000000   Number         0  __printf_flags_wp.o ABSOLUTE
    ../clib/printf.c                         0x00000000   Number         0  _printf_char_common.o ABSOLUTE
    ../clib/printf.c                         0x00000000   Number         0  __printf_nopercent.o ABSOLUTE
    ../clib/printf.c                         0x00000000   Number         0  __printf_ss_wp.o ABSOLUTE
    ../clib/printf.c                         0x00000000   Number         0  noretval__2sprintf.o ABSOLUTE
    ../clib/printf.c                         0x00000000   Number         0  __printf_ss.o ABSOLUTE
    ../clib/printf.c                         0x00000000   Number         0  __printf_flags_ss_wp.o ABSOLUTE
    ../clib/printf.c                         0x00000000   Number         0  _sputc.o ABSOLUTE
    ../clib/printf.c                         0x00000000   Number         0  __printf_wp.o ABSOLUTE
    ../clib/printf.c                         0x00000000   Number         0  _printf_intcommon.o ABSOLUTE
    ../clib/printf.c                         0x00000000   Number         0  __2sprintf.o ABSOLUTE
    ../clib/printf.c                         0x00000000   Number         0  __printf_flags.o ABSOLUTE
    ../clib/printf.c                         0x00000000   Number         0  __printf.o ABSOLUTE
    ../clib/printf.c                         0x00000000   Number         0  _printf_dec.o ABSOLUTE
    ../clib/printf_percent.s                 0x00000000   Number         0  _printf_percent_end.o ABSOLUTE
    ../clib/printf_percent.s                 0x00000000   Number         0  _printf_percent.o ABSOLUTE
    ../clib/printf_percent.s                 0x00000000   Number         0  _printf_d.o ABSOLUTE
    ../clib/signal.c                         0x00000000   Number         0  defsig_other.o ABSOLUTE
    ../clib/signal.c                         0x00000000   Number         0  defsig_segv_inner.o ABSOLUTE
    ../clib/signal.c                         0x00000000   Number         0  defsig_cppl_inner.o ABSOLUTE
    ../clib/signal.c                         0x00000000   Number         0  defsig_pvfn_inner.o ABSOLUTE
    ../clib/signal.c                         0x00000000   Number         0  defsig_rtred_inner.o ABSOLUTE
    ../clib/signal.c                         0x00000000   Number         0  defsig_rtmem_formal.o ABSOLUTE
    ../clib/signal.c                         0x00000000   Number         0  defsig_rtmem_outer.o ABSOLUTE
    ../clib/signal.c                         0x00000000   Number         0  __raise.o ABSOLUTE
    ../clib/signal.c                         0x00000000   Number         0  defsig_exit.o ABSOLUTE
    ../clib/signal.c                         0x00000000   Number         0  defsig_general.o ABSOLUTE
    ../clib/signal.c                         0x00000000   Number         0  defsig_rtmem_inner.o ABSOLUTE
    ../clib/signal.c                         0x00000000   Number         0  defsig_stak_inner.o ABSOLUTE
    ../clib/signal.c                         0x00000000   Number         0  defsig_abrt_inner.o ABSOLUTE
    ../clib/signal.c                         0x00000000   Number         0  defsig_fpe_inner.o ABSOLUTE
    ../clib/signal.s                         0x00000000   Number         0  defsig.o ABSOLUTE
    ../clib/stdlib.c                         0x00000000   Number         0  exit.o ABSOLUTE
    ../fplib/fdiv.s                          0x00000000   Number         0  fdiv.o ABSOLUTE
    ../fplib/ffixu.s                         0x00000000   Number         0  ffixu.o ABSOLUTE
    ../fplib/fflt.s                          0x00000000   Number         0  fflt_clz.o ABSOLUTE
    ../fplib/fmul.s                          0x00000000   Number         0  fmul.o ABSOLUTE
    ../fplib/fnaninf.s                       0x00000000   Number         0  fnaninf.o ABSOLUTE
    ../fplib/fpinit.s                        0x00000000   Number         0  fpinit.o ABSOLUTE
    ../fplib/fretinf.s                       0x00000000   Number         0  fretinf.o ABSOLUTE
    ../fplib/usenofp.s                       0x00000000   Number         0  usenofp.o ABSOLUTE
    ..\APP\app.c                             0x00000000   Number         0  app.o ABSOLUTE
    ..\BSP\Matrixkey.c                       0x00000000   Number         0  matrixkey.o ABSOLUTE
    ..\BSP\bsp.c                             0x00000000   Number         0  bsp.o ABSOLUTE
    ..\BSP\bsp_adc.c                         0x00000000   Number         0  bsp_adc.o ABSOLUTE
    ..\BSP\bsp_lcd1602.c                     0x00000000   Number         0  bsp_lcd1602.o ABSOLUTE
    ..\BSP\bsp_led.c                         0x00000000   Number         0  bsp_led.o ABSOLUTE
    ..\BSP\bsp_lib.c                         0x00000000   Number         0  bsp_lib.o ABSOLUTE
    ..\BSP\bsp_pwm.c                         0x00000000   Number         0  bsp_pwm.o ABSOLUTE
    ..\BSP\global_variables.c                0x00000000   Number         0  global_variables.o ABSOLUTE
    ..\Libraries\CMSIS\core_cm3.c            0x00000000   Number         0  core_cm3.o ABSOLUTE
    ..\Libraries\CMSIS\system_stm32f10x.c    0x00000000   Number         0  system_stm32f10x.o ABSOLUTE
    ..\Libraries\STM32F10x_StdPeriph_Driver\src\misc.c 0x00000000   Number         0  misc.o ABSOLUTE
    ..\Libraries\STM32F10x_StdPeriph_Driver\src\stm32f10x_adc.c 0x00000000   Number         0  stm32f10x_adc.o ABSOLUTE
    ..\Libraries\STM32F10x_StdPeriph_Driver\src\stm32f10x_bkp.c 0x00000000   Number         0  stm32f10x_bkp.o ABSOLUTE
    ..\Libraries\STM32F10x_StdPeriph_Driver\src\stm32f10x_can.c 0x00000000   Number         0  stm32f10x_can.o ABSOLUTE
    ..\Libraries\STM32F10x_StdPeriph_Driver\src\stm32f10x_cec.c 0x00000000   Number         0  stm32f10x_cec.o ABSOLUTE
    ..\Libraries\STM32F10x_StdPeriph_Driver\src\stm32f10x_crc.c 0x00000000   Number         0  stm32f10x_crc.o ABSOLUTE
    ..\Libraries\STM32F10x_StdPeriph_Driver\src\stm32f10x_dac.c 0x00000000   Number         0  stm32f10x_dac.o ABSOLUTE
    ..\Libraries\STM32F10x_StdPeriph_Driver\src\stm32f10x_dbgmcu.c 0x00000000   Number         0  stm32f10x_dbgmcu.o ABSOLUTE
    ..\Libraries\STM32F10x_StdPeriph_Driver\src\stm32f10x_dma.c 0x00000000   Number         0  stm32f10x_dma.o ABSOLUTE
    ..\Libraries\STM32F10x_StdPeriph_Driver\src\stm32f10x_exti.c 0x00000000   Number         0  stm32f10x_exti.o ABSOLUTE
    ..\Libraries\STM32F10x_StdPeriph_Driver\src\stm32f10x_flash.c 0x00000000   Number         0  stm32f10x_flash.o ABSOLUTE
    ..\Libraries\STM32F10x_StdPeriph_Driver\src\stm32f10x_fsmc.c 0x00000000   Number         0  stm32f10x_fsmc.o ABSOLUTE
    ..\Libraries\STM32F10x_StdPeriph_Driver\src\stm32f10x_gpio.c 0x00000000   Number         0  stm32f10x_gpio.o ABSOLUTE
    ..\Libraries\STM32F10x_StdPeriph_Driver\src\stm32f10x_i2c.c 0x00000000   Number         0  stm32f10x_i2c.o ABSOLUTE
    ..\Libraries\STM32F10x_StdPeriph_Driver\src\stm32f10x_iwdg.c 0x00000000   Number         0  stm32f10x_iwdg.o ABSOLUTE
    ..\Libraries\STM32F10x_StdPeriph_Driver\src\stm32f10x_pwr.c 0x00000000   Number         0  stm32f10x_pwr.o ABSOLUTE
    ..\Libraries\STM32F10x_StdPeriph_Driver\src\stm32f10x_rcc.c 0x00000000   Number         0  stm32f10x_rcc.o ABSOLUTE
    ..\Libraries\STM32F10x_StdPeriph_Driver\src\stm32f10x_rtc.c 0x00000000   Number         0  stm32f10x_rtc.o ABSOLUTE
    ..\Libraries\STM32F10x_StdPeriph_Driver\src\stm32f10x_sdio.c 0x00000000   Number         0  stm32f10x_sdio.o ABSOLUTE
    ..\Libraries\STM32F10x_StdPeriph_Driver\src\stm32f10x_spi.c 0x00000000   Number         0  stm32f10x_spi.o ABSOLUTE
    ..\Libraries\STM32F10x_StdPeriph_Driver\src\stm32f10x_tim.c 0x00000000   Number         0  stm32f10x_tim.o ABSOLUTE
    ..\Libraries\STM32F10x_StdPeriph_Driver\src\stm32f10x_usart.c 0x00000000   Number         0  stm32f10x_usart.o ABSOLUTE
    ..\Libraries\STM32F10x_StdPeriph_Driver\src\stm32f10x_wwdg.c 0x00000000   Number         0  stm32f10x_wwdg.o ABSOLUTE
    ..\Libraries\startup\startup_stm32f10x_hd.s 0x00000000   Number         0  startup_stm32f10x_hd.o ABSOLUTE
    ..\User\main.c                           0x00000000   Number         0  main.o ABSOLUTE
    ..\User\stm32f10x_it.c                   0x00000000   Number         0  stm32f10x_it.o ABSOLUTE
    ..\\Libraries\\CMSIS\\core_cm3.c         0x00000000   Number         0  core_cm3.o ABSOLUTE
    ..\uCOS-II\Ports\os_cpu_a.asm            0x00000000   Number         0  os_cpu_a.o ABSOLUTE
    ..\uCOS-II\Ports\os_cpu_c.c              0x00000000   Number         0  os_cpu_c.o ABSOLUTE
    ..\uCOS-II\Ports\os_dbg.c                0x00000000   Number         0  os_dbg.o ABSOLUTE
    ..\uCOS-II\Source\os_core.c              0x00000000   Number         0  os_core.o ABSOLUTE
    ..\uCOS-II\Source\os_flag.c              0x00000000   Number         0  os_flag.o ABSOLUTE
    ..\uCOS-II\Source\os_mbox.c              0x00000000   Number         0  os_mbox.o ABSOLUTE
    ..\uCOS-II\Source\os_mem.c               0x00000000   Number         0  os_mem.o ABSOLUTE
    ..\uCOS-II\Source\os_mutex.c             0x00000000   Number         0  os_mutex.o ABSOLUTE
    ..\uCOS-II\Source\os_q.c                 0x00000000   Number         0  os_q.o ABSOLUTE
    ..\uCOS-II\Source\os_sem.c               0x00000000   Number         0  os_sem.o ABSOLUTE
    ..\uCOS-II\Source\os_task.c              0x00000000   Number         0  os_task.o ABSOLUTE
    ..\uCOS-II\Source\os_time.c              0x00000000   Number         0  os_time.o ABSOLUTE
    ..\uCOS-II\Source\os_tmr.c               0x00000000   Number         0  os_tmr.o ABSOLUTE
    dc.s                                     0x00000000   Number         0  dc.o ABSOLUTE
    RESET                                    0x08000000   Section      304  startup_stm32f10x_hd.o(RESET)
    !!!main                                  0x08000130   Section        8  __main.o(!!!main)
    !!!scatter                               0x08000138   Section       52  __scatter.o(!!!scatter)
    !!handler_copy                           0x0800016c   Section       26  __scatter_copy.o(!!handler_copy)
    !!handler_zi                             0x08000188   Section       28  __scatter_zi.o(!!handler_zi)
    .ARM.Collect$$_printf_percent$$00000000  0x080001a4   Section        0  _printf_percent.o(.ARM.Collect$$_printf_percent$$00000000)
    .ARM.Collect$$_printf_percent$$00000009  0x080001a4   Section        6  _printf_d.o(.ARM.Collect$$_printf_percent$$00000009)
    .ARM.Collect$$_printf_percent$$00000017  0x080001aa   Section        4  _printf_percent_end.o(.ARM.Collect$$_printf_percent$$00000017)
    .ARM.Collect$$libinit$$00000000          0x080001ae   Section        2  libinit.o(.ARM.Collect$$libinit$$00000000)
    .ARM.Collect$$libinit$$00000002          0x080001b0   Section        0  libinit2.o(.ARM.Collect$$libinit$$00000002)
    .ARM.Collect$$libinit$$00000004          0x080001b0   Section        0  libinit2.o(.ARM.Collect$$libinit$$00000004)
    .ARM.Collect$$libinit$$0000000A          0x080001b0   Section        0  libinit2.o(.ARM.Collect$$libinit$$0000000A)
    .ARM.Collect$$libinit$$0000000C          0x080001b0   Section        0  libinit2.o(.ARM.Collect$$libinit$$0000000C)
    .ARM.Collect$$libinit$$0000000E          0x080001b0   Section        0  libinit2.o(.ARM.Collect$$libinit$$0000000E)
    .ARM.Collect$$libinit$$00000011          0x080001b0   Section        0  libinit2.o(.ARM.Collect$$libinit$$00000011)
    .ARM.Collect$$libinit$$00000013          0x080001b0   Section        0  libinit2.o(.ARM.Collect$$libinit$$00000013)
    .ARM.Collect$$libinit$$00000015          0x080001b0   Section        0  libinit2.o(.ARM.Collect$$libinit$$00000015)
    .ARM.Collect$$libinit$$00000017          0x080001b0   Section        0  libinit2.o(.ARM.Collect$$libinit$$00000017)
    .ARM.Collect$$libinit$$00000019          0x080001b0   Section        0  libinit2.o(.ARM.Collect$$libinit$$00000019)
    .ARM.Collect$$libinit$$0000001B          0x080001b0   Section        0  libinit2.o(.ARM.Collect$$libinit$$0000001B)
    .ARM.Collect$$libinit$$0000001D          0x080001b0   Section        0  libinit2.o(.ARM.Collect$$libinit$$0000001D)
    .ARM.Collect$$libinit$$0000001F          0x080001b0   Section        0  libinit2.o(.ARM.Collect$$libinit$$0000001F)
    .ARM.Collect$$libinit$$00000021          0x080001b0   Section        0  libinit2.o(.ARM.Collect$$libinit$$00000021)
    .ARM.Collect$$libinit$$00000023          0x080001b0   Section        0  libinit2.o(.ARM.Collect$$libinit$$00000023)
    .ARM.Collect$$libinit$$00000025          0x080001b0   Section        0  libinit2.o(.ARM.Collect$$libinit$$00000025)
    .ARM.Collect$$libinit$$0000002C          0x080001b0   Section        0  libinit2.o(.ARM.Collect$$libinit$$0000002C)
    .ARM.Collect$$libinit$$0000002E          0x080001b0   Section        0  libinit2.o(.ARM.Collect$$libinit$$0000002E)
    .ARM.Collect$$libinit$$00000030          0x080001b0   Section        0  libinit2.o(.ARM.Collect$$libinit$$00000030)
    .ARM.Collect$$libinit$$00000032          0x080001b0   Section        0  libinit2.o(.ARM.Collect$$libinit$$00000032)
    .ARM.Collect$$libinit$$00000033          0x080001b0   Section        2  libinit2.o(.ARM.Collect$$libinit$$00000033)
    .ARM.Collect$$libshutdown$$00000000      0x080001b2   Section        2  libshutdown.o(.ARM.Collect$$libshutdown$$00000000)
    .ARM.Collect$$libshutdown$$00000002      0x080001b4   Section        0  libshutdown2.o(.ARM.Collect$$libshutdown$$00000002)
    .ARM.Collect$$libshutdown$$00000004      0x080001b4   Section        0  libshutdown2.o(.ARM.Collect$$libshutdown$$00000004)
    .ARM.Collect$$libshutdown$$00000007      0x080001b4   Section        0  libshutdown2.o(.ARM.Collect$$libshutdown$$00000007)
    .ARM.Collect$$libshutdown$$0000000A      0x080001b4   Section        0  libshutdown2.o(.ARM.Collect$$libshutdown$$0000000A)
    .ARM.Collect$$libshutdown$$0000000C      0x080001b4   Section        0  libshutdown2.o(.ARM.Collect$$libshutdown$$0000000C)
    .ARM.Collect$$libshutdown$$0000000F      0x080001b4   Section        0  libshutdown2.o(.ARM.Collect$$libshutdown$$0000000F)
    .ARM.Collect$$libshutdown$$00000010      0x080001b4   Section        2  libshutdown2.o(.ARM.Collect$$libshutdown$$00000010)
    .ARM.Collect$$rtentry$$00000000          0x080001b6   Section        0  __rtentry.o(.ARM.Collect$$rtentry$$00000000)
    .ARM.Collect$$rtentry$$00000002          0x080001b6   Section        0  __rtentry2.o(.ARM.Collect$$rtentry$$00000002)
    .ARM.Collect$$rtentry$$00000004          0x080001b6   Section        6  __rtentry4.o(.ARM.Collect$$rtentry$$00000004)
    .ARM.Collect$$rtentry$$00000009          0x080001bc   Section        0  __rtentry2.o(.ARM.Collect$$rtentry$$00000009)
    .ARM.Collect$$rtentry$$0000000A          0x080001bc   Section        4  __rtentry2.o(.ARM.Collect$$rtentry$$0000000A)
    .ARM.Collect$$rtentry$$0000000C          0x080001c0   Section        0  __rtentry2.o(.ARM.Collect$$rtentry$$0000000C)
    .ARM.Collect$$rtentry$$0000000D          0x080001c0   Section        8  __rtentry2.o(.ARM.Collect$$rtentry$$0000000D)
    .ARM.Collect$$rtexit$$00000000           0x080001c8   Section        2  rtexit.o(.ARM.Collect$$rtexit$$00000000)
    .ARM.Collect$$rtexit$$00000002           0x080001ca   Section        0  rtexit2.o(.ARM.Collect$$rtexit$$00000002)
    .ARM.Collect$$rtexit$$00000003           0x080001ca   Section        4  rtexit2.o(.ARM.Collect$$rtexit$$00000003)
    .ARM.Collect$$rtexit$$00000004           0x080001ce   Section        6  rtexit2.o(.ARM.Collect$$rtexit$$00000004)
    .text                                    0x080001d4   Section       64  startup_stm32f10x_hd.o(.text)
    .text                                    0x08000214   Section        0  system_stm32f10x.o(.text)
    SetSysClockTo72                          0x08000215   Thumb Code   214  system_stm32f10x.o(.text)
    SetSysClock                              0x080002eb   Thumb Code     8  system_stm32f10x.o(.text)
    .text                                    0x080003f4   Section        0  stm32f10x_adc.o(.text)
    .text                                    0x08000844   Section        0  stm32f10x_gpio.o(.text)
    .text                                    0x08000ba0   Section        0  stm32f10x_rcc.o(.text)
    .text                                    0x08000f44   Section        0  stm32f10x_tim.o(.text)
    TI4_Config                               0x080013eb   Thumb Code   130  stm32f10x_tim.o(.text)
    TI3_Config                               0x0800147f   Thumb Code   122  stm32f10x_tim.o(.text)
    TI2_Config                               0x08001513   Thumb Code   130  stm32f10x_tim.o(.text)
    TI1_Config                               0x080015a7   Thumb Code   108  stm32f10x_tim.o(.text)
    .text                                    0x08001d60   Section        0  main.o(.text)
    .text                                    0x08001da0   Section        0  stm32f10x_it.o(.text)
    .text                                    0x08001dc8   Section        0  app.o(.text)
    .text                                    0x0800222c   Section        0  bsp.o(.text)
    .text                                    0x080022b0   Section        0  bsp_lib.o(.text)
    .text                                    0x08002350   Section        0  bsp_led.o(.text)
    .text                                    0x08002394   Section        0  bsp_lcd1602.o(.text)
    .text                                    0x08002568   Section        0  matrixkey.o(.text)
    .text                                    0x08002738   Section        0  bsp_pwm.o(.text)
    TIM8_GPIO_Config                         0x08002739   Thumb Code    72  bsp_pwm.o(.text)
    TIM2_GPIO_Config                         0x08002885   Thumb Code    38  bsp_pwm.o(.text)
    TIM2_Configuration                       0x080028ab   Thumb Code   116  bsp_pwm.o(.text)
    .text                                    0x08002950   Section        0  bsp_adc.o(.text)
    .text                                    0x08002a2c   Section        0  os_core.o(.text)
    OS_InitTaskStat                          0x08002ad7   Thumb Code    52  os_core.o(.text)
    OS_InitTaskIdle                          0x08002b2d   Thumb Code    52  os_core.o(.text)
    OS_InitEventList                         0x08002b73   Thumb Code    74  os_core.o(.text)
    OS_InitTCBList                           0x08002bbd   Thumb Code    94  os_core.o(.text)
    OS_InitRdyList                           0x08002c1b   Thumb Code    44  os_core.o(.text)
    OS_InitMisc                              0x08002c47   Thumb Code    44  os_core.o(.text)
    OS_SchedNew                              0x08002cb3   Thumb Code    26  os_core.o(.text)
    .text                                    0x08003298   Section        0  os_task.o(.text)
    .text                                    0x08003a4c   Section        0  os_time.o(.text)
    .text                                    0x08003bfc   Section      164  os_cpu_a.o(.text)
    .text                                    0x08003ca0   Section        0  os_cpu_c.o(.text)
    .text                                    0x08003d50   Section        0  noretval__2sprintf.o(.text)
    .text                                    0x08003d78   Section        0  __printf.o(.text)
    .text                                    0x08003de0   Section        0  _printf_dec.o(.text)
    .text                                    0x08003e58   Section        0  heapauxi.o(.text)
    .text                                    0x08003e5e   Section        0  _printf_intcommon.o(.text)
    .text                                    0x08003f10   Section        0  _printf_char_common.o(.text)
    _printf_input_char                       0x08003f11   Thumb Code    10  _printf_char_common.o(.text)
    .text                                    0x08003f40   Section        0  _sputc.o(.text)
    .text                                    0x08003f4a   Section       74  sys_stackheap_outer.o(.text)
    .text                                    0x08003f94   Section        0  exit.o(.text)
    .text                                    0x08003fa8   Section        8  libspace.o(.text)
    .text                                    0x08003fb0   Section        0  sys_exit.o(.text)
    .text                                    0x08003fbc   Section        2  use_no_semi.o(.text)
    .text                                    0x08003fbe   Section        0  indicate_semi.o(.text)
    x$fpl$fdiv                               0x08003fc0   Section      388  fdiv.o(x$fpl$fdiv)
    _fdiv1                                   0x08003fc1   Thumb Code     0  fdiv.o(x$fpl$fdiv)
    x$fpl$ffixu                              0x08004144   Section       62  ffixu.o(x$fpl$ffixu)
    x$fpl$ffltu                              0x08004184   Section       38  fflt_clz.o(x$fpl$ffltu)
    x$fpl$fmul                               0x080041ac   Section      258  fmul.o(x$fpl$fmul)
    x$fpl$fnaninf                            0x080042ae   Section      140  fnaninf.o(x$fpl$fnaninf)
    x$fpl$fretinf                            0x0800433a   Section       10  fretinf.o(x$fpl$fretinf)
    .constdata                               0x08004344   Section      256  os_core.o(.constdata)
    x$fpl$usenofp                            0x08004344   Section        0  usenofp.o(x$fpl$usenofp)
    .data                                    0x20000000   Section       20  system_stm32f10x.o(.data)
    .data                                    0x20000014   Section       20  stm32f10x_rcc.o(.data)
    APBAHBPrescTable                         0x20000014   Data          16  stm32f10x_rcc.o(.data)
    ADCPrescTable                            0x20000024   Data           4  stm32f10x_rcc.o(.data)
    .data                                    0x20000028   Section        2  global_variables.o(.data)
    .data                                    0x2000002c   Section       64  os_core.o(.data)
    .bss                                     0x2000006c   Section     1568  app.o(.bss)
    .bss                                     0x2000068c   Section       34  global_variables.o(.bss)
    .bss                                     0x200006b0   Section     3064  os_core.o(.bss)
    .bss                                     0x200012a8   Section       96  libspace.o(.bss)
    HEAP                                     0x20001308   Section      512  startup_stm32f10x_hd.o(HEAP)
    Heap_Mem                                 0x20001308   Data         512  startup_stm32f10x_hd.o(HEAP)
    STACK                                    0x20001508   Section     1024  startup_stm32f10x_hd.o(STACK)
    Stack_Mem                                0x20001508   Data        1024  startup_stm32f10x_hd.o(STACK)
    __initial_sp                             0x20001908   Data           0  startup_stm32f10x_hd.o(STACK)

    Global Symbols

    Symbol Name                              Value     Ov Type        Size  Object(Section)

    BuildAttributes$$THM_ISAv4$P$D$K$B$S$PE$A:L22UL41UL21$X:L11$S22US41US21$IEEE1$IW$USESV6$~STKCKD$USESV7$~SHL$OSPACE$ROPI$EBA8$UX$STANDARDLIB$REQ8$PRES8$EABIv2 0x00000000   Number         0  anon$$obj.o ABSOLUTE
    __ARM_use_no_argv                        0x00000000   Number         0  main.o ABSOLUTE
    __ARM_exceptions_init                     - Undefined Weak Reference
    __alloca_initialize                       - Undefined Weak Reference
    __arm_preinit_                            - Undefined Weak Reference
    __cpp_initialize__aeabi_                  - Undefined Weak Reference
    __cxa_finalize                            - Undefined Weak Reference
    __rt_locale                               - Undefined Weak Reference
    __sigvec_lookup                           - Undefined Weak Reference
    _atexit_init                              - Undefined Weak Reference
    _call_atexit_fns                          - Undefined Weak Reference
    _clock_init                               - Undefined Weak Reference
    _fp_trap_init                             - Undefined Weak Reference
    _fp_trap_shutdown                         - Undefined Weak Reference
    _get_lc_collate                           - Undefined Weak Reference
    _get_lc_ctype                             - Undefined Weak Reference
    _get_lc_monetary                          - Undefined Weak Reference
    _get_lc_numeric                           - Undefined Weak Reference
    _get_lc_time                              - Undefined Weak Reference
    _getenv_init                              - Undefined Weak Reference
    _handle_redirection                       - Undefined Weak Reference
    _init_alloc                               - Undefined Weak Reference
    _init_user_alloc                          - Undefined Weak Reference
    _initio                                   - Undefined Weak Reference
    _printf_post_padding                      - Undefined Weak Reference
    _printf_pre_padding                       - Undefined Weak Reference
    _printf_truncate_signed                   - Undefined Weak Reference
    _printf_truncate_unsigned                 - Undefined Weak Reference
    _rand_init                                - Undefined Weak Reference
    _signal_finish                            - Undefined Weak Reference
    _signal_init                              - Undefined Weak Reference
    _terminate_alloc                          - Undefined Weak Reference
    _terminate_user_alloc                     - Undefined Weak Reference
    _terminateio                              - Undefined Weak Reference
    __Vectors_Size                           0x00000130   Number         0  startup_stm32f10x_hd.o ABSOLUTE
    __Vectors                                0x08000000   Data           4  startup_stm32f10x_hd.o(RESET)
    __Vectors_End                            0x08000130   Data           0  startup_stm32f10x_hd.o(RESET)
    __main                                   0x08000131   Thumb Code     8  __main.o(!!!main)
    __scatterload                            0x08000139   Thumb Code     0  __scatter.o(!!!scatter)
    __scatterload_rt2                        0x08000139   Thumb Code    44  __scatter.o(!!!scatter)
    __scatterload_rt2_thumb_only             0x08000139   Thumb Code     0  __scatter.o(!!!scatter)
    __scatterload_null                       0x08000147   Thumb Code     0  __scatter.o(!!!scatter)
    __scatterload_copy                       0x0800016d   Thumb Code    26  __scatter_copy.o(!!handler_copy)
    __scatterload_zeroinit                   0x08000189   Thumb Code    28  __scatter_zi.o(!!handler_zi)
    _printf_d                                0x080001a5   Thumb Code     0  _printf_d.o(.ARM.Collect$$_printf_percent$$00000009)
    _printf_percent                          0x080001a5   Thumb Code     0  _printf_percent.o(.ARM.Collect$$_printf_percent$$00000000)
    _printf_percent_end                      0x080001ab   Thumb Code     0  _printf_percent_end.o(.ARM.Collect$$_printf_percent$$00000017)
    __rt_lib_init                            0x080001af   Thumb Code     0  libinit.o(.ARM.Collect$$libinit$$00000000)
    __rt_lib_init_alloca_1                   0x080001b1   Thumb Code     0  libinit2.o(.ARM.Collect$$libinit$$0000002E)
    __rt_lib_init_argv_1                     0x080001b1   Thumb Code     0  libinit2.o(.ARM.Collect$$libinit$$0000002C)
    __rt_lib_init_atexit_1                   0x080001b1   Thumb Code     0  libinit2.o(.ARM.Collect$$libinit$$0000001B)
    __rt_lib_init_clock_1                    0x080001b1   Thumb Code     0  libinit2.o(.ARM.Collect$$libinit$$00000021)
    __rt_lib_init_cpp_1                      0x080001b1   Thumb Code     0  libinit2.o(.ARM.Collect$$libinit$$00000032)
    __rt_lib_init_exceptions_1               0x080001b1   Thumb Code     0  libinit2.o(.ARM.Collect$$libinit$$00000030)
    __rt_lib_init_fp_1                       0x080001b1   Thumb Code     0  libinit2.o(.ARM.Collect$$libinit$$00000002)
    __rt_lib_init_fp_trap_1                  0x080001b1   Thumb Code     0  libinit2.o(.ARM.Collect$$libinit$$0000001F)
    __rt_lib_init_getenv_1                   0x080001b1   Thumb Code     0  libinit2.o(.ARM.Collect$$libinit$$00000023)
    __rt_lib_init_heap_1                     0x080001b1   Thumb Code     0  libinit2.o(.ARM.Collect$$libinit$$0000000A)
    __rt_lib_init_lc_collate_1               0x080001b1   Thumb Code     0  libinit2.o(.ARM.Collect$$libinit$$00000011)
    __rt_lib_init_lc_ctype_1                 0x080001b1   Thumb Code     0  libinit2.o(.ARM.Collect$$libinit$$00000013)
    __rt_lib_init_lc_monetary_1              0x080001b1   Thumb Code     0  libinit2.o(.ARM.Collect$$libinit$$00000015)
    __rt_lib_init_lc_numeric_1               0x080001b1   Thumb Code     0  libinit2.o(.ARM.Collect$$libinit$$00000017)
    __rt_lib_init_lc_time_1                  0x080001b1   Thumb Code     0  libinit2.o(.ARM.Collect$$libinit$$00000019)
    __rt_lib_init_preinit_1                  0x080001b1   Thumb Code     0  libinit2.o(.ARM.Collect$$libinit$$00000004)
    __rt_lib_init_rand_1                     0x080001b1   Thumb Code     0  libinit2.o(.ARM.Collect$$libinit$$0000000E)
    __rt_lib_init_return                     0x080001b1   Thumb Code     0  libinit2.o(.ARM.Collect$$libinit$$00000033)
    __rt_lib_init_signal_1                   0x080001b1   Thumb Code     0  libinit2.o(.ARM.Collect$$libinit$$0000001D)
    __rt_lib_init_stdio_1                    0x080001b1   Thumb Code     0  libinit2.o(.ARM.Collect$$libinit$$00000025)
    __rt_lib_init_user_alloc_1               0x080001b1   Thumb Code     0  libinit2.o(.ARM.Collect$$libinit$$0000000C)
    __rt_lib_shutdown                        0x080001b3   Thumb Code     0  libshutdown.o(.ARM.Collect$$libshutdown$$00000000)
    __rt_lib_shutdown_cpp_1                  0x080001b5   Thumb Code     0  libshutdown2.o(.ARM.Collect$$libshutdown$$00000002)
    __rt_lib_shutdown_fp_trap_1              0x080001b5   Thumb Code     0  libshutdown2.o(.ARM.Collect$$libshutdown$$00000007)
    __rt_lib_shutdown_heap_1                 0x080001b5   Thumb Code     0  libshutdown2.o(.ARM.Collect$$libshutdown$$0000000F)
    __rt_lib_shutdown_return                 0x080001b5   Thumb Code     0  libshutdown2.o(.ARM.Collect$$libshutdown$$00000010)
    __rt_lib_shutdown_signal_1               0x080001b5   Thumb Code     0  libshutdown2.o(.ARM.Collect$$libshutdown$$0000000A)
    __rt_lib_shutdown_stdio_1                0x080001b5   Thumb Code     0  libshutdown2.o(.ARM.Collect$$libshutdown$$00000004)
    __rt_lib_shutdown_user_alloc_1           0x080001b5   Thumb Code     0  libshutdown2.o(.ARM.Collect$$libshutdown$$0000000C)
    __rt_entry                               0x080001b7   Thumb Code     0  __rtentry.o(.ARM.Collect$$rtentry$$00000000)
    __rt_entry_presh_1                       0x080001b7   Thumb Code     0  __rtentry2.o(.ARM.Collect$$rtentry$$00000002)
    __rt_entry_sh                            0x080001b7   Thumb Code     0  __rtentry4.o(.ARM.Collect$$rtentry$$00000004)
    __rt_entry_li                            0x080001bd   Thumb Code     0  __rtentry2.o(.ARM.Collect$$rtentry$$0000000A)
    __rt_entry_postsh_1                      0x080001bd   Thumb Code     0  __rtentry2.o(.ARM.Collect$$rtentry$$00000009)
    __rt_entry_main                          0x080001c1   Thumb Code     0  __rtentry2.o(.ARM.Collect$$rtentry$$0000000D)
    __rt_entry_postli_1                      0x080001c1   Thumb Code     0  __rtentry2.o(.ARM.Collect$$rtentry$$0000000C)
    __rt_exit                                0x080001c9   Thumb Code     0  rtexit.o(.ARM.Collect$$rtexit$$00000000)
    __rt_exit_ls                             0x080001cb   Thumb Code     0  rtexit2.o(.ARM.Collect$$rtexit$$00000003)
    __rt_exit_prels_1                        0x080001cb   Thumb Code     0  rtexit2.o(.ARM.Collect$$rtexit$$00000002)
    __rt_exit_exit                           0x080001cf   Thumb Code     0  rtexit2.o(.ARM.Collect$$rtexit$$00000004)
    Reset_Handler                            0x080001d5   Thumb Code     8  startup_stm32f10x_hd.o(.text)
    ADC1_2_IRQHandler                        0x080001ef   Thumb Code     0  startup_stm32f10x_hd.o(.text)
    ADC3_IRQHandler                          0x080001ef   Thumb Code     0  startup_stm32f10x_hd.o(.text)
    CAN1_RX1_IRQHandler                      0x080001ef   Thumb Code     0  startup_stm32f10x_hd.o(.text)
    CAN1_SCE_IRQHandler                      0x080001ef   Thumb Code     0  startup_stm32f10x_hd.o(.text)
    DMA1_Channel1_IRQHandler                 0x080001ef   Thumb Code     0  startup_stm32f10x_hd.o(.text)
    DMA1_Channel2_IRQHandler                 0x080001ef   Thumb Code     0  startup_stm32f10x_hd.o(.text)
    DMA1_Channel3_IRQHandler                 0x080001ef   Thumb Code     0  startup_stm32f10x_hd.o(.text)
    DMA1_Channel4_IRQHandler                 0x080001ef   Thumb Code     0  startup_stm32f10x_hd.o(.text)
    DMA1_Channel5_IRQHandler                 0x080001ef   Thumb Code     0  startup_stm32f10x_hd.o(.text)
    DMA1_Channel6_IRQHandler                 0x080001ef   Thumb Code     0  startup_stm32f10x_hd.o(.text)
    DMA1_Channel7_IRQHandler                 0x080001ef   Thumb Code     0  startup_stm32f10x_hd.o(.text)
    DMA2_Channel1_IRQHandler                 0x080001ef   Thumb Code     0  startup_stm32f10x_hd.o(.text)
    DMA2_Channel2_IRQHandler                 0x080001ef   Thumb Code     0  startup_stm32f10x_hd.o(.text)
    DMA2_Channel3_IRQHandler                 0x080001ef   Thumb Code     0  startup_stm32f10x_hd.o(.text)
    DMA2_Channel4_5_IRQHandler               0x080001ef   Thumb Code     0  startup_stm32f10x_hd.o(.text)
    EXTI0_IRQHandler                         0x080001ef   Thumb Code     0  startup_stm32f10x_hd.o(.text)
    EXTI15_10_IRQHandler                     0x080001ef   Thumb Code     0  startup_stm32f10x_hd.o(.text)
    EXTI1_IRQHandler                         0x080001ef   Thumb Code     0  startup_stm32f10x_hd.o(.text)
    EXTI2_IRQHandler                         0x080001ef   Thumb Code     0  startup_stm32f10x_hd.o(.text)
    EXTI3_IRQHandler                         0x080001ef   Thumb Code     0  startup_stm32f10x_hd.o(.text)
    EXTI4_IRQHandler                         0x080001ef   Thumb Code     0  startup_stm32f10x_hd.o(.text)
    EXTI9_5_IRQHandler                       0x080001ef   Thumb Code     0  startup_stm32f10x_hd.o(.text)
    FLASH_IRQHandler                         0x080001ef   Thumb Code     0  startup_stm32f10x_hd.o(.text)
    FSMC_IRQHandler                          0x080001ef   Thumb Code     0  startup_stm32f10x_hd.o(.text)
    I2C1_ER_IRQHandler                       0x080001ef   Thumb Code     0  startup_stm32f10x_hd.o(.text)
    I2C1_EV_IRQHandler                       0x080001ef   Thumb Code     0  startup_stm32f10x_hd.o(.text)
    I2C2_ER_IRQHandler                       0x080001ef   Thumb Code     0  startup_stm32f10x_hd.o(.text)
    I2C2_EV_IRQHandler                       0x080001ef   Thumb Code     0  startup_stm32f10x_hd.o(.text)
    PVD_IRQHandler                           0x080001ef   Thumb Code     0  startup_stm32f10x_hd.o(.text)
    RCC_IRQHandler                           0x080001ef   Thumb Code     0  startup_stm32f10x_hd.o(.text)
    RTCAlarm_IRQHandler                      0x080001ef   Thumb Code     0  startup_stm32f10x_hd.o(.text)
    RTC_IRQHandler                           0x080001ef   Thumb Code     0  startup_stm32f10x_hd.o(.text)
    SDIO_IRQHandler                          0x080001ef   Thumb Code     0  startup_stm32f10x_hd.o(.text)
    SPI1_IRQHandler                          0x080001ef   Thumb Code     0  startup_stm32f10x_hd.o(.text)
    SPI2_IRQHandler                          0x080001ef   Thumb Code     0  startup_stm32f10x_hd.o(.text)
    SPI3_IRQHandler                          0x080001ef   Thumb Code     0  startup_stm32f10x_hd.o(.text)
    TAMPER_IRQHandler                        0x080001ef   Thumb Code     0  startup_stm32f10x_hd.o(.text)
    TIM1_BRK_IRQHandler                      0x080001ef   Thumb Code     0  startup_stm32f10x_hd.o(.text)
    TIM1_CC_IRQHandler                       0x080001ef   Thumb Code     0  startup_stm32f10x_hd.o(.text)
    TIM1_TRG_COM_IRQHandler                  0x080001ef   Thumb Code     0  startup_stm32f10x_hd.o(.text)
    TIM1_UP_IRQHandler                       0x080001ef   Thumb Code     0  startup_stm32f10x_hd.o(.text)
    TIM2_IRQHandler                          0x080001ef   Thumb Code     0  startup_stm32f10x_hd.o(.text)
    TIM3_IRQHandler                          0x080001ef   Thumb Code     0  startup_stm32f10x_hd.o(.text)
    TIM4_IRQHandler                          0x080001ef   Thumb Code     0  startup_stm32f10x_hd.o(.text)
    TIM5_IRQHandler                          0x080001ef   Thumb Code     0  startup_stm32f10x_hd.o(.text)
    TIM6_IRQHandler                          0x080001ef   Thumb Code     0  startup_stm32f10x_hd.o(.text)
    TIM7_IRQHandler                          0x080001ef   Thumb Code     0  startup_stm32f10x_hd.o(.text)
    TIM8_BRK_IRQHandler                      0x080001ef   Thumb Code     0  startup_stm32f10x_hd.o(.text)
    TIM8_CC_IRQHandler                       0x080001ef   Thumb Code     0  startup_stm32f10x_hd.o(.text)
    TIM8_TRG_COM_IRQHandler                  0x080001ef   Thumb Code     0  startup_stm32f10x_hd.o(.text)
    TIM8_UP_IRQHandler                       0x080001ef   Thumb Code     0  startup_stm32f10x_hd.o(.text)
    UART4_IRQHandler                         0x080001ef   Thumb Code     0  startup_stm32f10x_hd.o(.text)
    UART5_IRQHandler                         0x080001ef   Thumb Code     0  startup_stm32f10x_hd.o(.text)
    USART1_IRQHandler                        0x080001ef   Thumb Code     0  startup_stm32f10x_hd.o(.text)
    USART2_IRQHandler                        0x080001ef   Thumb Code     0  startup_stm32f10x_hd.o(.text)
    USART3_IRQHandler                        0x080001ef   Thumb Code     0  startup_stm32f10x_hd.o(.text)
    USBWakeUp_IRQHandler                     0x080001ef   Thumb Code     0  startup_stm32f10x_hd.o(.text)
    USB_HP_CAN1_TX_IRQHandler                0x080001ef   Thumb Code     0  startup_stm32f10x_hd.o(.text)
    USB_LP_CAN1_RX0_IRQHandler               0x080001ef   Thumb Code     0  startup_stm32f10x_hd.o(.text)
    WWDG_IRQHandler                          0x080001ef   Thumb Code     0  startup_stm32f10x_hd.o(.text)
    __user_initial_stackheap                 0x080001f1   Thumb Code     0  startup_stm32f10x_hd.o(.text)
    SystemInit                               0x080002f3   Thumb Code    78  system_stm32f10x.o(.text)
    SystemCoreClockUpdate                    0x08000341   Thumb Code   142  system_stm32f10x.o(.text)
    ADC_DeInit                               0x080003f5   Thumb Code    78  stm32f10x_adc.o(.text)
    ADC_Init                                 0x08000443   Thumb Code    70  stm32f10x_adc.o(.text)
    ADC_StructInit                           0x08000489   Thumb Code    18  stm32f10x_adc.o(.text)
    ADC_Cmd                                  0x0800049b   Thumb Code    22  stm32f10x_adc.o(.text)
    ADC_DMACmd                               0x080004b1   Thumb Code    22  stm32f10x_adc.o(.text)
    ADC_ITConfig                             0x080004c7   Thumb Code    24  stm32f10x_adc.o(.text)
    ADC_ResetCalibration                     0x080004df   Thumb Code    10  stm32f10x_adc.o(.text)
    ADC_GetResetCalibrationStatus            0x080004e9   Thumb Code    20  stm32f10x_adc.o(.text)
    ADC_StartCalibration                     0x080004fd   Thumb Code    10  stm32f10x_adc.o(.text)
    ADC_GetCalibrationStatus                 0x08000507   Thumb Code    20  stm32f10x_adc.o(.text)
    ADC_SoftwareStartConvCmd                 0x0800051b   Thumb Code    22  stm32f10x_adc.o(.text)
    ADC_GetSoftwareStartConvStatus           0x08000531   Thumb Code    20  stm32f10x_adc.o(.text)
    ADC_DiscModeChannelCountConfig           0x08000545   Thumb Code    24  stm32f10x_adc.o(.text)
    ADC_DiscModeCmd                          0x0800055d   Thumb Code    22  stm32f10x_adc.o(.text)
    ADC_RegularChannelConfig                 0x08000573   Thumb Code   184  stm32f10x_adc.o(.text)
    ADC_ExternalTrigConvCmd                  0x0800062b   Thumb Code    22  stm32f10x_adc.o(.text)
    ADC_GetConversionValue                   0x08000641   Thumb Code     8  stm32f10x_adc.o(.text)
    ADC_GetDualModeConversionValue           0x08000649   Thumb Code     8  stm32f10x_adc.o(.text)
    ADC_AutoInjectedConvCmd                  0x08000651   Thumb Code    22  stm32f10x_adc.o(.text)
    ADC_InjectedDiscModeCmd                  0x08000667   Thumb Code    22  stm32f10x_adc.o(.text)
    ADC_ExternalTrigInjectedConvConfig       0x0800067d   Thumb Code    16  stm32f10x_adc.o(.text)
    ADC_ExternalTrigInjectedConvCmd          0x0800068d   Thumb Code    22  stm32f10x_adc.o(.text)
    ADC_SoftwareStartInjectedConvCmd         0x080006a3   Thumb Code    22  stm32f10x_adc.o(.text)
    ADC_GetSoftwareStartInjectedConvCmdStatus 0x080006b9   Thumb Code    20  stm32f10x_adc.o(.text)
    ADC_InjectedChannelConfig                0x080006cd   Thumb Code   130  stm32f10x_adc.o(.text)
    ADC_InjectedSequencerLengthConfig        0x0800074f   Thumb Code    24  stm32f10x_adc.o(.text)
    ADC_SetInjectedOffset                    0x08000767   Thumb Code    20  stm32f10x_adc.o(.text)
    ADC_GetInjectedConversionValue           0x0800077b   Thumb Code    28  stm32f10x_adc.o(.text)
    ADC_AnalogWatchdogCmd                    0x08000797   Thumb Code    16  stm32f10x_adc.o(.text)
    ADC_AnalogWatchdogThresholdsConfig       0x080007a7   Thumb Code     6  stm32f10x_adc.o(.text)
    ADC_AnalogWatchdogSingleChannelConfig    0x080007ad   Thumb Code    16  stm32f10x_adc.o(.text)
    ADC_TempSensorVrefintCmd                 0x080007bd   Thumb Code    64  stm32f10x_adc.o(.text)
    ADC_GetFlagStatus                        0x080007fd   Thumb Code    18  stm32f10x_adc.o(.text)
    ADC_ClearFlag                            0x0800080f   Thumb Code     6  stm32f10x_adc.o(.text)
    ADC_GetITStatus                          0x08000815   Thumb Code    36  stm32f10x_adc.o(.text)
    ADC_ClearITPendingBit                    0x08000839   Thumb Code    10  stm32f10x_adc.o(.text)
    GPIO_DeInit                              0x08000845   Thumb Code   172  stm32f10x_gpio.o(.text)
    GPIO_AFIODeInit                          0x080008f1   Thumb Code    20  stm32f10x_gpio.o(.text)
    GPIO_Init                                0x08000905   Thumb Code   278  stm32f10x_gpio.o(.text)
    GPIO_StructInit                          0x08000a1b   Thumb Code    16  stm32f10x_gpio.o(.text)
    GPIO_ReadInputDataBit                    0x08000a2b   Thumb Code    18  stm32f10x_gpio.o(.text)
    GPIO_ReadInputData                       0x08000a3d   Thumb Code     8  stm32f10x_gpio.o(.text)
    GPIO_ReadOutputDataBit                   0x08000a45   Thumb Code    18  stm32f10x_gpio.o(.text)
    GPIO_ReadOutputData                      0x08000a57   Thumb Code     8  stm32f10x_gpio.o(.text)
    GPIO_SetBits                             0x08000a5f   Thumb Code     4  stm32f10x_gpio.o(.text)
    GPIO_ResetBits                           0x08000a63   Thumb Code     4  stm32f10x_gpio.o(.text)
    GPIO_WriteBit                            0x08000a67   Thumb Code    10  stm32f10x_gpio.o(.text)
    GPIO_Write                               0x08000a71   Thumb Code     4  stm32f10x_gpio.o(.text)
    GPIO_PinLockConfig                       0x08000a75   Thumb Code    18  stm32f10x_gpio.o(.text)
    GPIO_EventOutputConfig                   0x08000a87   Thumb Code    26  stm32f10x_gpio.o(.text)
    GPIO_EventOutputCmd                      0x08000aa1   Thumb Code     6  stm32f10x_gpio.o(.text)
    GPIO_PinRemapConfig                      0x08000aa7   Thumb Code   138  stm32f10x_gpio.o(.text)
    GPIO_EXTILineConfig                      0x08000b31   Thumb Code    66  stm32f10x_gpio.o(.text)
    GPIO_ETH_MediaInterfaceConfig            0x08000b73   Thumb Code     8  stm32f10x_gpio.o(.text)
    RCC_DeInit                               0x08000ba1   Thumb Code    64  stm32f10x_rcc.o(.text)
    RCC_HSEConfig                            0x08000be1   Thumb Code    70  stm32f10x_rcc.o(.text)
    RCC_GetFlagStatus                        0x08000c27   Thumb Code    56  stm32f10x_rcc.o(.text)
    RCC_WaitForHSEStartUp                    0x08000c5f   Thumb Code    56  stm32f10x_rcc.o(.text)
    RCC_AdjustHSICalibrationValue            0x08000c97   Thumb Code    20  stm32f10x_rcc.o(.text)
    RCC_HSICmd                               0x08000cab   Thumb Code     6  stm32f10x_rcc.o(.text)
    RCC_PLLConfig                            0x08000cb1   Thumb Code    24  stm32f10x_rcc.o(.text)
    RCC_PLLCmd                               0x08000cc9   Thumb Code     6  stm32f10x_rcc.o(.text)
    RCC_SYSCLKConfig                         0x08000ccf   Thumb Code    18  stm32f10x_rcc.o(.text)
    RCC_GetSYSCLKSource                      0x08000ce1   Thumb Code    10  stm32f10x_rcc.o(.text)
    RCC_HCLKConfig                           0x08000ceb   Thumb Code    18  stm32f10x_rcc.o(.text)
    RCC_PCLK1Config                          0x08000cfd   Thumb Code    18  stm32f10x_rcc.o(.text)
    RCC_PCLK2Config                          0x08000d0f   Thumb Code    20  stm32f10x_rcc.o(.text)
    RCC_ITConfig                             0x08000d23   Thumb Code    26  stm32f10x_rcc.o(.text)
    RCC_USBCLKConfig                         0x08000d3d   Thumb Code     8  stm32f10x_rcc.o(.text)
    RCC_ADCCLKConfig                         0x08000d45   Thumb Code    18  stm32f10x_rcc.o(.text)
    RCC_LSEConfig                            0x08000d57   Thumb Code    50  stm32f10x_rcc.o(.text)
    RCC_LSICmd                               0x08000d89   Thumb Code     6  stm32f10x_rcc.o(.text)
    RCC_RTCCLKConfig                         0x08000d8f   Thumb Code    12  stm32f10x_rcc.o(.text)
    RCC_RTCCLKCmd                            0x08000d9b   Thumb Code     8  stm32f10x_rcc.o(.text)
    RCC_GetClocksFreq                        0x08000da3   Thumb Code   192  stm32f10x_rcc.o(.text)
    RCC_AHBPeriphClockCmd                    0x08000e63   Thumb Code    26  stm32f10x_rcc.o(.text)
    RCC_APB2PeriphClockCmd                   0x08000e7d   Thumb Code    26  stm32f10x_rcc.o(.text)
    RCC_APB1PeriphClockCmd                   0x08000e97   Thumb Code    26  stm32f10x_rcc.o(.text)
    RCC_APB2PeriphResetCmd                   0x08000eb1   Thumb Code    26  stm32f10x_rcc.o(.text)
    RCC_APB1PeriphResetCmd                   0x08000ecb   Thumb Code    26  stm32f10x_rcc.o(.text)
    RCC_BackupResetCmd                       0x08000ee5   Thumb Code     8  stm32f10x_rcc.o(.text)
    RCC_ClockSecuritySystemCmd               0x08000eed   Thumb Code     6  stm32f10x_rcc.o(.text)
    RCC_MCOConfig                            0x08000ef3   Thumb Code     6  stm32f10x_rcc.o(.text)
    RCC_ClearFlag                            0x08000ef9   Thumb Code    14  stm32f10x_rcc.o(.text)
    RCC_GetITStatus                          0x08000f07   Thumb Code    20  stm32f10x_rcc.o(.text)
    RCC_ClearITPendingBit                    0x08000f1b   Thumb Code     6  stm32f10x_rcc.o(.text)
    TIM_DeInit                               0x08000f45   Thumb Code   424  stm32f10x_tim.o(.text)
    TIM_TimeBaseInit                         0x080010ed   Thumb Code   122  stm32f10x_tim.o(.text)
    TIM_OC1Init                              0x08001167   Thumb Code   132  stm32f10x_tim.o(.text)
    TIM_OC2Init                              0x080011eb   Thumb Code   154  stm32f10x_tim.o(.text)
    TIM_OC3Init                              0x08001285   Thumb Code   150  stm32f10x_tim.o(.text)
    TIM_OC4Init                              0x0800131b   Thumb Code   182  stm32f10x_tim.o(.text)
    TIM_SetIC4Prescaler                      0x080013d1   Thumb Code    26  stm32f10x_tim.o(.text)
    TIM_SetIC3Prescaler                      0x0800146d   Thumb Code    18  stm32f10x_tim.o(.text)
    TIM_SetIC2Prescaler                      0x080014f9   Thumb Code    26  stm32f10x_tim.o(.text)
    TIM_SetIC1Prescaler                      0x08001595   Thumb Code    18  stm32f10x_tim.o(.text)
    TIM_ICInit                               0x08001613   Thumb Code   150  stm32f10x_tim.o(.text)
    TIM_PWMIConfig                           0x080016a9   Thumb Code   124  stm32f10x_tim.o(.text)
    TIM_BDTRConfig                           0x08001725   Thumb Code    32  stm32f10x_tim.o(.text)
    TIM_TimeBaseStructInit                   0x08001745   Thumb Code    18  stm32f10x_tim.o(.text)
    TIM_OCStructInit                         0x08001757   Thumb Code    20  stm32f10x_tim.o(.text)
    TIM_ICStructInit                         0x0800176b   Thumb Code    18  stm32f10x_tim.o(.text)
    TIM_BDTRStructInit                       0x0800177d   Thumb Code    40  stm32f10x_tim.o(.text)
    TIM_Cmd                                  0x080017a5   Thumb Code    24  stm32f10x_tim.o(.text)
    TIM_CtrlPWMOutputs                       0x080017bd   Thumb Code    30  stm32f10x_tim.o(.text)
    TIM_ITConfig                             0x080017db   Thumb Code    18  stm32f10x_tim.o(.text)
    TIM_GenerateEvent                        0x080017ed   Thumb Code     4  stm32f10x_tim.o(.text)
    TIM_DMAConfig                            0x080017f1   Thumb Code    10  stm32f10x_tim.o(.text)
    TIM_DMACmd                               0x080017fb   Thumb Code    18  stm32f10x_tim.o(.text)
    TIM_InternalClockConfig                  0x0800180d   Thumb Code    12  stm32f10x_tim.o(.text)
    TIM_SelectInputTrigger                   0x08001819   Thumb Code    18  stm32f10x_tim.o(.text)
    TIM_ITRxExternalClockConfig              0x0800182b   Thumb Code    24  stm32f10x_tim.o(.text)
    TIM_TIxExternalClockConfig               0x08001843   Thumb Code    62  stm32f10x_tim.o(.text)
    TIM_ETRConfig                            0x08001881   Thumb Code    28  stm32f10x_tim.o(.text)
    TIM_ETRClockMode1Config                  0x0800189d   Thumb Code    54  stm32f10x_tim.o(.text)
    TIM_ETRClockMode2Config                  0x080018d3   Thumb Code    32  stm32f10x_tim.o(.text)
    TIM_PrescalerConfig                      0x080018f3   Thumb Code     6  stm32f10x_tim.o(.text)
    TIM_CounterModeConfig                    0x080018f9   Thumb Code    18  stm32f10x_tim.o(.text)
    TIM_EncoderInterfaceConfig               0x0800190b   Thumb Code    66  stm32f10x_tim.o(.text)
    TIM_ForcedOC1Config                      0x0800194d   Thumb Code    18  stm32f10x_tim.o(.text)
    TIM_ForcedOC2Config                      0x0800195f   Thumb Code    26  stm32f10x_tim.o(.text)
    TIM_ForcedOC3Config                      0x08001979   Thumb Code    18  stm32f10x_tim.o(.text)
    TIM_ForcedOC4Config                      0x0800198b   Thumb Code    26  stm32f10x_tim.o(.text)
    TIM_ARRPreloadConfig                     0x080019a5   Thumb Code    24  stm32f10x_tim.o(.text)
    TIM_SelectCOM                            0x080019bd   Thumb Code    24  stm32f10x_tim.o(.text)
    TIM_SelectCCDMA                          0x080019d5   Thumb Code    24  stm32f10x_tim.o(.text)
    TIM_CCPreloadControl                     0x080019ed   Thumb Code    24  stm32f10x_tim.o(.text)
    TIM_OC1PreloadConfig                     0x08001a05   Thumb Code    18  stm32f10x_tim.o(.text)
    TIM_OC2PreloadConfig                     0x08001a17   Thumb Code    26  stm32f10x_tim.o(.text)
    TIM_OC3PreloadConfig                     0x08001a31   Thumb Code    18  stm32f10x_tim.o(.text)
    TIM_OC4PreloadConfig                     0x08001a43   Thumb Code    26  stm32f10x_tim.o(.text)
    TIM_OC1FastConfig                        0x08001a5d   Thumb Code    18  stm32f10x_tim.o(.text)
    TIM_OC2FastConfig                        0x08001a6f   Thumb Code    26  stm32f10x_tim.o(.text)
    TIM_OC3FastConfig                        0x08001a89   Thumb Code    18  stm32f10x_tim.o(.text)
    TIM_OC4FastConfig                        0x08001a9b   Thumb Code    26  stm32f10x_tim.o(.text)
    TIM_ClearOC1Ref                          0x08001ab5   Thumb Code    18  stm32f10x_tim.o(.text)
    TIM_ClearOC2Ref                          0x08001ac7   Thumb Code    24  stm32f10x_tim.o(.text)
    TIM_ClearOC3Ref                          0x08001adf   Thumb Code    18  stm32f10x_tim.o(.text)
    TIM_ClearOC4Ref                          0x08001af1   Thumb Code    24  stm32f10x_tim.o(.text)
    TIM_OC1PolarityConfig                    0x08001b09   Thumb Code    18  stm32f10x_tim.o(.text)
    TIM_OC1NPolarityConfig                   0x08001b1b   Thumb Code    18  stm32f10x_tim.o(.text)
    TIM_OC2PolarityConfig                    0x08001b2d   Thumb Code    26  stm32f10x_tim.o(.text)
    TIM_OC2NPolarityConfig                   0x08001b47   Thumb Code    26  stm32f10x_tim.o(.text)
    TIM_OC3PolarityConfig                    0x08001b61   Thumb Code    26  stm32f10x_tim.o(.text)
    TIM_OC3NPolarityConfig                   0x08001b7b   Thumb Code    26  stm32f10x_tim.o(.text)
    TIM_OC4PolarityConfig                    0x08001b95   Thumb Code    26  stm32f10x_tim.o(.text)
    TIM_CCxCmd                               0x08001baf   Thumb Code    30  stm32f10x_tim.o(.text)
    TIM_CCxNCmd                              0x08001bcd   Thumb Code    30  stm32f10x_tim.o(.text)
    TIM_SelectOCxM                           0x08001beb   Thumb Code    82  stm32f10x_tim.o(.text)
    TIM_UpdateDisableConfig                  0x08001c3d   Thumb Code    24  stm32f10x_tim.o(.text)
    TIM_UpdateRequestConfig                  0x08001c55   Thumb Code    24  stm32f10x_tim.o(.text)
    TIM_SelectHallSensor                     0x08001c6d   Thumb Code    24  stm32f10x_tim.o(.text)
    TIM_SelectOnePulseMode                   0x08001c85   Thumb Code    18  stm32f10x_tim.o(.text)
    TIM_SelectOutputTrigger                  0x08001c97   Thumb Code    18  stm32f10x_tim.o(.text)
    TIM_SelectSlaveMode                      0x08001ca9   Thumb Code    18  stm32f10x_tim.o(.text)
    TIM_SelectMasterSlaveMode                0x08001cbb   Thumb Code    18  stm32f10x_tim.o(.text)
    TIM_SetCounter                           0x08001ccd   Thumb Code     4  stm32f10x_tim.o(.text)
    TIM_SetAutoreload                        0x08001cd1   Thumb Code     4  stm32f10x_tim.o(.text)
    TIM_SetCompare1                          0x08001cd5   Thumb Code     4  stm32f10x_tim.o(.text)
    TIM_SetCompare2                          0x08001cd9   Thumb Code     4  stm32f10x_tim.o(.text)
    TIM_SetCompare3                          0x08001cdd   Thumb Code     4  stm32f10x_tim.o(.text)
    TIM_SetCompare4                          0x08001ce1   Thumb Code     6  stm32f10x_tim.o(.text)
    TIM_SetClockDivision                     0x08001ce7   Thumb Code    18  stm32f10x_tim.o(.text)
    TIM_GetCapture1                          0x08001cf9   Thumb Code     6  stm32f10x_tim.o(.text)
    TIM_GetCapture2                          0x08001cff   Thumb Code     6  stm32f10x_tim.o(.text)
    TIM_GetCapture3                          0x08001d05   Thumb Code     6  stm32f10x_tim.o(.text)
    TIM_GetCapture4                          0x08001d0b   Thumb Code     8  stm32f10x_tim.o(.text)
    TIM_GetCounter                           0x08001d13   Thumb Code     6  stm32f10x_tim.o(.text)
    TIM_GetPrescaler                         0x08001d19   Thumb Code     6  stm32f10x_tim.o(.text)
    TIM_GetFlagStatus                        0x08001d1f   Thumb Code    18  stm32f10x_tim.o(.text)
    TIM_ClearFlag                            0x08001d31   Thumb Code     6  stm32f10x_tim.o(.text)
    TIM_GetITStatus                          0x08001d37   Thumb Code    34  stm32f10x_tim.o(.text)
    TIM_ClearITPendingBit                    0x08001d59   Thumb Code     6  stm32f10x_tim.o(.text)
    main                                     0x08001d61   Thumb Code    54  main.o(.text)
    NMI_Handler                              0x08001da1   Thumb Code     2  stm32f10x_it.o(.text)
    HardFault_Handler                        0x08001da3   Thumb Code     4  stm32f10x_it.o(.text)
    MemManage_Handler                        0x08001da7   Thumb Code     4  stm32f10x_it.o(.text)
    BusFault_Handler                         0x08001dab   Thumb Code     4  stm32f10x_it.o(.text)
    UsageFault_Handler                       0x08001daf   Thumb Code     4  stm32f10x_it.o(.text)
    SVC_Handler                              0x08001db3   Thumb Code     2  stm32f10x_it.o(.text)
    DebugMon_Handler                         0x08001db5   Thumb Code     2  stm32f10x_it.o(.text)
    PendSV_Handler                           0x08001db7   Thumb Code     2  stm32f10x_it.o(.text)
    SysTick_Handler                          0x08001db9   Thumb Code    16  stm32f10x_it.o(.text)
    Task_PWM                                 0x08001dc9   Thumb Code   158  app.o(.text)
    Task_ADC1                                0x08001e67   Thumb Code    80  app.o(.text)
    Task_LCD1602                             0x08001eb7   Thumb Code   168  app.o(.text)
    Task_Matrixkey                           0x08001f5f   Thumb Code   306  app.o(.text)
    Task_LED2                                0x08002091   Thumb Code    50  app.o(.text)
    Task_LED1                                0x080020c3   Thumb Code    50  app.o(.text)
    Task_Start                               0x080020f5   Thumb Code   312  app.o(.text)
    SysTick_init                             0x0800222d   Thumb Code    84  bsp.o(.text)
    BSP_Init                                 0x08002281   Thumb Code    32  bsp.o(.text)
    NVIC_Configuration                       0x080022a1   Thumb Code     2  bsp.o(.text)
    RoughDelay_us                            0x080022b1   Thumb Code   158  bsp_lib.o(.text)
    LED_GPIO_Config                          0x08002351   Thumb Code    40  bsp_led.o(.text)
    LED_Init                                 0x08002379   Thumb Code    22  bsp_led.o(.text)
    Lcd1602_GPIO_Config                      0x08002395   Thumb Code    54  bsp_lcd1602.o(.text)
    Lcd_Write_Com                            0x080023cb   Thumb Code    60  bsp_lcd1602.o(.text)
    Lcd_Write_Dat                            0x08002407   Thumb Code    60  bsp_lcd1602.o(.text)
    LCD_Write_Char                           0x08002443   Thumb Code    76  bsp_lcd1602.o(.text)
    LCD_Write_String                         0x0800248f   Thumb Code    34  bsp_lcd1602.o(.text)
    LCD_Clear                                0x080024b1   Thumb Code    18  bsp_lcd1602.o(.text)
    Read_Busy                                0x080024c3   Thumb Code    60  bsp_lcd1602.o(.text)
    Lcd1602_Init                             0x080024ff   Thumb Code    96  bsp_lcd1602.o(.text)
    MatrixkeyConfig                          0x08002569   Thumb Code    64  matrixkey.o(.text)
    GetKeyValue                              0x080025a9   Thumb Code   378  matrixkey.o(.text)
    MatrixkeyInit                            0x08002723   Thumb Code    14  matrixkey.o(.text)
    TIM8_Configuration                       0x08002781   Thumb Code   260  bsp_pwm.o(.text)
    TIM8_PWM_Init                            0x0800291f   Thumb Code    32  bsp_pwm.o(.text)
    ADC1Config                               0x08002951   Thumb Code   156  bsp_adc.o(.text)
    Get_ADC1                                 0x080029ed   Thumb Code    46  bsp_adc.o(.text)
    ADC1Init                                 0x08002a1b   Thumb Code     8  bsp_adc.o(.text)
    OS_TaskStatStkChk                        0x08002a2d   Thumb Code    54  os_core.o(.text)
    OS_TaskStat                              0x08002a63   Thumb Code   116  os_core.o(.text)
    OS_TaskIdle                              0x08002b0b   Thumb Code    34  os_core.o(.text)
    OS_MemClr                                0x08002b61   Thumb Code    18  os_core.o(.text)
    OSInit                                   0x08002c73   Thumb Code    36  os_core.o(.text)
    OSIntEnter                               0x08002c97   Thumb Code    28  os_core.o(.text)
    OSIntExit                                0x08002ccd   Thumb Code   112  os_core.o(.text)
    OSSchedLock                              0x08002d3d   Thumb Code    50  os_core.o(.text)
    OS_Sched                                 0x08002d6f   Thumb Code    88  os_core.o(.text)
    OSSchedUnlock                            0x08002dc7   Thumb Code   230  os_core.o(.text)
    OSStart                                  0x08002ead   Thumb Code    48  os_core.o(.text)
    OSStatInit                               0x08002edd   Thumb Code    62  os_core.o(.text)
    OSTimeTick                               0x08002f1b   Thumb Code   210  os_core.o(.text)
    OSVersion                                0x08002fed   Thumb Code     6  os_core.o(.text)
    OS_Dummy                                 0x08002ff3   Thumb Code     2  os_core.o(.text)
    OS_EventTaskRemove                       0x08002ff5   Thumb Code    42  os_core.o(.text)
    OS_EventTaskRdy                          0x0800301f   Thumb Code   114  os_core.o(.text)
    OS_EventTaskWait                         0x08003091   Thumb Code   112  os_core.o(.text)
    OS_EventWaitListInit                     0x08003101   Thumb Code    28  os_core.o(.text)
    OS_MemCopy                               0x0800311d   Thumb Code    20  os_core.o(.text)
    OS_StrLen                                0x08003131   Thumb Code    20  os_core.o(.text)
    OS_TCBInit                               0x08003145   Thumb Code   272  os_core.o(.text)
    OSTaskChangePrio                         0x08003299   Thumb Code   308  os_task.o(.text)
    OSTaskCreate                             0x080033cd   Thumb Code   148  os_task.o(.text)
    OS_TaskStkClr                            0x08003461   Thumb Code    26  os_task.o(.text)
    OSTaskCreateExt                          0x0800347b   Thumb Code   170  os_task.o(.text)
    OSTaskDel                                0x08003525   Thumb Code   280  os_task.o(.text)
    OSTaskDelReq                             0x0800363d   Thumb Code   144  os_task.o(.text)
    OSTaskNameGet                            0x080036cd   Thumb Code   114  os_task.o(.text)
    OSTaskNameSet                            0x0800373f   Thumb Code    98  os_task.o(.text)
    OSTaskResume                             0x080037a1   Thumb Code   154  os_task.o(.text)
    OSTaskStkChk                             0x0800383b   Thumb Code   132  os_task.o(.text)
    OSTaskSuspend                            0x080038bf   Thumb Code   152  os_task.o(.text)
    OSTaskQuery                              0x08003957   Thumb Code    82  os_task.o(.text)
    OSTaskRegGet                             0x080039a9   Thumb Code    60  os_task.o(.text)
    OSTaskRegSet                             0x080039e5   Thumb Code    62  os_task.o(.text)
    OS_TaskReturn                            0x08003a23   Thumb Code    18  os_task.o(.text)
    OSTimeDly                                0x08003a4d   Thumb Code   100  os_time.o(.text)
    OSTimeDlyHMSM                            0x08003ab1   Thumb Code    86  os_time.o(.text)
    OSTimeDlyResume                          0x08003b07   Thumb Code   168  os_time.o(.text)
    OSTimeGet                                0x08003baf   Thumb Code    24  os_time.o(.text)
    OSTimeSet                                0x08003bc7   Thumb Code    24  os_time.o(.text)
    OS_CPU_SR_Save                           0x08003bfd   Thumb Code     0  os_cpu_a.o(.text)
    OS_CPU_SR_Restore                        0x08003c05   Thumb Code     0  os_cpu_a.o(.text)
    OSStartHighRdy                           0x08003c0b   Thumb Code     0  os_cpu_a.o(.text)
    OSCtxSw                                  0x08003c2b   Thumb Code     0  os_cpu_a.o(.text)
    OSIntCtxSw                               0x08003c35   Thumb Code     0  os_cpu_a.o(.text)
    OS_CPU_PendSVHandler                     0x08003c3f   Thumb Code     0  os_cpu_a.o(.text)
    OSInitHookBegin                          0x08003ca1   Thumb Code     2  os_cpu_c.o(.text)
    OSTaskReturnHook                         0x08003ca3   Thumb Code     2  os_cpu_c.o(.text)
    OSInitHookEnd                            0x08003ca5   Thumb Code     2  os_cpu_c.o(.text)
    OSTaskCreateHook                         0x08003ca7   Thumb Code     2  os_cpu_c.o(.text)
    OSTaskDelHook                            0x08003ca9   Thumb Code     2  os_cpu_c.o(.text)
    OSTaskIdleHook                           0x08003cab   Thumb Code     2  os_cpu_c.o(.text)
    OSTaskStatHook                           0x08003cad   Thumb Code     2  os_cpu_c.o(.text)
    OSTaskStkInit                            0x08003caf   Thumb Code   154  os_cpu_c.o(.text)
    OSTaskSwHook                             0x08003d49   Thumb Code     2  os_cpu_c.o(.text)
    OSTCBInitHook                            0x08003d4b   Thumb Code     2  os_cpu_c.o(.text)
    OSTimeTickHook                           0x08003d4d   Thumb Code     2  os_cpu_c.o(.text)
    __2sprintf                               0x08003d51   Thumb Code    34  noretval__2sprintf.o(.text)
    __printf                                 0x08003d79   Thumb Code   104  __printf.o(.text)
    _printf_int_dec                          0x08003de1   Thumb Code   104  _printf_dec.o(.text)
    __use_two_region_memory                  0x08003e59   Thumb Code     2  heapauxi.o(.text)
    __rt_heap_escrow$2region                 0x08003e5b   Thumb Code     2  heapauxi.o(.text)
    __rt_heap_expand$2region                 0x08003e5d   Thumb Code     2  heapauxi.o(.text)
    _printf_int_common                       0x08003e5f   Thumb Code   178  _printf_intcommon.o(.text)
    _printf_char_common                      0x08003f1b   Thumb Code    32  _printf_char_common.o(.text)
    _sputc                                   0x08003f41   Thumb Code    10  _sputc.o(.text)
    __user_setup_stackheap                   0x08003f4b   Thumb Code    74  sys_stackheap_outer.o(.text)
    exit                                     0x08003f95   Thumb Code    18  exit.o(.text)
    __user_libspace                          0x08003fa9   Thumb Code     8  libspace.o(.text)
    __user_perproc_libspace                  0x08003fa9   Thumb Code     0  libspace.o(.text)
    __user_perthread_libspace                0x08003fa9   Thumb Code     0  libspace.o(.text)
    _sys_exit                                0x08003fb1   Thumb Code     8  sys_exit.o(.text)
    __I$use$semihosting                      0x08003fbd   Thumb Code     0  use_no_semi.o(.text)
    __use_no_semihosting_swi                 0x08003fbd   Thumb Code     2  use_no_semi.o(.text)
    __semihosting_library_function           0x08003fbf   Thumb Code     0  indicate_semi.o(.text)
    __aeabi_fdiv                             0x08003fc1   Thumb Code     0  fdiv.o(x$fpl$fdiv)
    _fdiv                                    0x08003fc1   Thumb Code   384  fdiv.o(x$fpl$fdiv)
    __aeabi_f2uiz                            0x08004145   Thumb Code     0  ffixu.o(x$fpl$ffixu)
    _ffixu                                   0x08004145   Thumb Code    62  ffixu.o(x$fpl$ffixu)
    __aeabi_ui2f                             0x08004185   Thumb Code     0  fflt_clz.o(x$fpl$ffltu)
    _ffltu                                   0x08004185   Thumb Code    38  fflt_clz.o(x$fpl$ffltu)
    __aeabi_fmul                             0x080041ad   Thumb Code     0  fmul.o(x$fpl$fmul)
    _fmul                                    0x080041ad   Thumb Code   258  fmul.o(x$fpl$fmul)
    __fpl_fnaninf                            0x080042af   Thumb Code   140  fnaninf.o(x$fpl$fnaninf)
    __fpl_fretinf                            0x0800433b   Thumb Code    10  fretinf.o(x$fpl$fretinf)
    OSUnMapTbl                               0x08004344   Data         256  os_core.o(.constdata)
    __I$use$fp                               0x08004344   Number         0  usenofp.o(x$fpl$usenofp)
    Region$$Table$$Base                      0x08004444   Number         0  anon$$obj.o(Region$$Table)
    Region$$Table$$Limit                     0x08004464   Number         0  anon$$obj.o(Region$$Table)
    SystemCoreClock                          0x20000000   Data           4  system_stm32f10x.o(.data)
    AHBPrescTable                            0x20000004   Data          16  system_stm32f10x.o(.data)
    Matrixkey                                0x20000028   Data           2  global_variables.o(.data)
    OSCtxSwCtr                               0x2000002c   Data           4  os_core.o(.data)
    OSEventFreeList                          0x20000030   Data           4  os_core.o(.data)
    OSCPUUsage                               0x20000034   Data           1  os_core.o(.data)
    OSIdleCtrMax                             0x20000038   Data           4  os_core.o(.data)
    OSIdleCtrRun                             0x2000003c   Data           4  os_core.o(.data)
    OSStatRdy                                0x20000040   Data           1  os_core.o(.data)
    OSIntNesting                             0x20000041   Data           1  os_core.o(.data)
    OSLockNesting                            0x20000042   Data           1  os_core.o(.data)
    OSPrioCur                                0x20000043   Data           1  os_core.o(.data)
    OSPrioHighRdy                            0x20000044   Data           1  os_core.o(.data)
    OSRdyGrp                                 0x20000045   Data           1  os_core.o(.data)
    OSRdyTbl                                 0x20000046   Data           8  os_core.o(.data)
    OSRunning                                0x2000004e   Data           1  os_core.o(.data)
    OSTaskCtr                                0x2000004f   Data           1  os_core.o(.data)
    OSIdleCtr                                0x20000050   Data           4  os_core.o(.data)
    OSTCBCur                                 0x20000054   Data           4  os_core.o(.data)
    OSTCBFreeList                            0x20000058   Data           4  os_core.o(.data)
    OSTCBHighRdy                             0x2000005c   Data           4  os_core.o(.data)
    OSTCBList                                0x20000060   Data           4  os_core.o(.data)
    OSTickStepState                          0x20000064   Data           1  os_core.o(.data)
    OSTime                                   0x20000068   Data           4  os_core.o(.data)
    startup_task_stk                         0x2000006c   Data         256  app.o(.bss)
    task_led1_stk                            0x2000016c   Data         144  app.o(.bss)
    task_led2_stk                            0x200001fc   Data         144  app.o(.bss)
    task_matrikey_stk                        0x2000028c   Data         256  app.o(.bss)
    task_lcd1602_stk                         0x2000038c   Data         256  app.o(.bss)
    task_ADC1_stk                            0x2000048c   Data         256  app.o(.bss)
    task_PWM_stk                             0x2000058c   Data         256  app.o(.bss)
    ADC1Dat                                  0x2000068c   Data          16  global_variables.o(.bss)
    Microwaves                               0x2000069c   Data          18  global_variables.o(.bss)
    OSEventTbl                               0x200006b0   Data         200  os_core.o(.bss)
    OSTaskStatStk                            0x20000778   Data         512  os_core.o(.bss)
    OSTaskIdleStk                            0x20000978   Data         512  os_core.o(.bss)
    OSTCBPrioTbl                             0x20000b78   Data         256  os_core.o(.bss)
    OSTCBTbl                                 0x20000c78   Data        1584  os_core.o(.bss)
    __libspace_start                         0x200012a8   Data          96  libspace.o(.bss)
    __temporary_stack_top$libspace           0x20001308   Data           0  libspace.o(.bss)



==============================================================================

Memory Map of the image

  Image Entry point : 0x08000131

  Load Region LR_IROM1 (Base: 0x08000000, Size: 0x000044d0, Max: 0x00080000, ABSOLUTE)

    Execution Region ER_IROM1 (Exec base: 0x08000000, Load base: 0x08000000, Size: 0x00004464, Max: 0x00080000, ABSOLUTE)

    Exec Addr    Load Addr    Size         Type   Attr      Idx    E Section Name        Object

    0x08000000   0x08000000   0x00000130   Data   RO            3    RESET               startup_stm32f10x_hd.o
    0x08000130   0x08000130   0x00000008   Code   RO          775  * !!!main             c_w.l(__main.o)
    0x08000138   0x08000138   0x00000034   Code   RO          962    !!!scatter          c_w.l(__scatter.o)
    0x0800016c   0x0800016c   0x0000001a   Code   RO          964    !!handler_copy      c_w.l(__scatter_copy.o)
    0x08000186   0x08000186   0x00000002   PAD
    0x08000188   0x08000188   0x0000001c   Code   RO          966    !!handler_zi        c_w.l(__scatter_zi.o)
    0x080001a4   0x080001a4   0x00000000   Code   RO          772    .ARM.Collect$$_printf_percent$$00000000  c_w.l(_printf_percent.o)
    0x080001a4   0x080001a4   0x00000006   Code   RO          771    .ARM.Collect$$_printf_percent$$00000009  c_w.l(_printf_d.o)
    0x080001aa   0x080001aa   0x00000004   Code   RO          800    .ARM.Collect$$_printf_percent$$00000017  c_w.l(_printf_percent_end.o)
    0x080001ae   0x080001ae   0x00000002   Code   RO          832    .ARM.Collect$$libinit$$00000000  c_w.l(libinit.o)
    0x080001b0   0x080001b0   0x00000000   Code   RO          839    .ARM.Collect$$libinit$$00000002  c_w.l(libinit2.o)
    0x080001b0   0x080001b0   0x00000000   Code   RO          841    .ARM.Collect$$libinit$$00000004  c_w.l(libinit2.o)
    0x080001b0   0x080001b0   0x00000000   Code   RO          844    .ARM.Collect$$libinit$$0000000A  c_w.l(libinit2.o)
    0x080001b0   0x080001b0   0x00000000   Code   RO          846    .ARM.Collect$$libinit$$0000000C  c_w.l(libinit2.o)
    0x080001b0   0x080001b0   0x00000000   Code   RO          848    .ARM.Collect$$libinit$$0000000E  c_w.l(libinit2.o)
    0x080001b0   0x080001b0   0x00000000   Code   RO          851    .ARM.Collect$$libinit$$00000011  c_w.l(libinit2.o)
    0x080001b0   0x080001b0   0x00000000   Code   RO          853    .ARM.Collect$$libinit$$00000013  c_w.l(libinit2.o)
    0x080001b0   0x080001b0   0x00000000   Code   RO          855    .ARM.Collect$$libinit$$00000015  c_w.l(libinit2.o)
    0x080001b0   0x080001b0   0x00000000   Code   RO          857    .ARM.Collect$$libinit$$00000017  c_w.l(libinit2.o)
    0x080001b0   0x080001b0   0x00000000   Code   RO          859    .ARM.Collect$$libinit$$00000019  c_w.l(libinit2.o)
    0x080001b0   0x080001b0   0x00000000   Code   RO          861    .ARM.Collect$$libinit$$0000001B  c_w.l(libinit2.o)
    0x080001b0   0x080001b0   0x00000000   Code   RO          863    .ARM.Collect$$libinit$$0000001D  c_w.l(libinit2.o)
    0x080001b0   0x080001b0   0x00000000   Code   RO          865    .ARM.Collect$$libinit$$0000001F  c_w.l(libinit2.o)
    0x080001b0   0x080001b0   0x00000000   Code   RO          867    .ARM.Collect$$libinit$$00000021  c_w.l(libinit2.o)
    0x080001b0   0x080001b0   0x00000000   Code   RO          869    .ARM.Collect$$libinit$$00000023  c_w.l(libinit2.o)
    0x080001b0   0x080001b0   0x00000000   Code   RO          871    .ARM.Collect$$libinit$$00000025  c_w.l(libinit2.o)
    0x080001b0   0x080001b0   0x00000000   Code   RO          875    .ARM.Collect$$libinit$$0000002C  c_w.l(libinit2.o)
    0x080001b0   0x080001b0   0x00000000   Code   RO          877    .ARM.Collect$$libinit$$0000002E  c_w.l(libinit2.o)
    0x080001b0   0x080001b0   0x00000000   Code   RO          879    .ARM.Collect$$libinit$$00000030  c_w.l(libinit2.o)
    0x080001b0   0x080001b0   0x00000000   Code   RO          881    .ARM.Collect$$libinit$$00000032  c_w.l(libinit2.o)
    0x080001b0   0x080001b0   0x00000002   Code   RO          882    .ARM.Collect$$libinit$$00000033  c_w.l(libinit2.o)
    0x080001b2   0x080001b2   0x00000002   Code   RO          902    .ARM.Collect$$libshutdown$$00000000  c_w.l(libshutdown.o)
    0x080001b4   0x080001b4   0x00000000   Code   RO          915    .ARM.Collect$$libshutdown$$00000002  c_w.l(libshutdown2.o)
    0x080001b4   0x080001b4   0x00000000   Code   RO          917    .ARM.Collect$$libshutdown$$00000004  c_w.l(libshutdown2.o)
    0x080001b4   0x080001b4   0x00000000   Code   RO          920    .ARM.Collect$$libshutdown$$00000007  c_w.l(libshutdown2.o)
    0x080001b4   0x080001b4   0x00000000   Code   RO          923    .ARM.Collect$$libshutdown$$0000000A  c_w.l(libshutdown2.o)
    0x080001b4   0x080001b4   0x00000000   Code   RO          925    .ARM.Collect$$libshutdown$$0000000C  c_w.l(libshutdown2.o)
    0x080001b4   0x080001b4   0x00000000   Code   RO          928    .ARM.Collect$$libshutdown$$0000000F  c_w.l(libshutdown2.o)
    0x080001b4   0x080001b4   0x00000002   Code   RO          929    .ARM.Collect$$libshutdown$$00000010  c_w.l(libshutdown2.o)
    0x080001b6   0x080001b6   0x00000000   Code   RO          793    .ARM.Collect$$rtentry$$00000000  c_w.l(__rtentry.o)
    0x080001b6   0x080001b6   0x00000000   Code   RO          807    .ARM.Collect$$rtentry$$00000002  c_w.l(__rtentry2.o)
    0x080001b6   0x080001b6   0x00000006   Code   RO          819    .ARM.Collect$$rtentry$$00000004  c_w.l(__rtentry4.o)
    0x080001bc   0x080001bc   0x00000000   Code   RO          809    .ARM.Collect$$rtentry$$00000009  c_w.l(__rtentry2.o)
    0x080001bc   0x080001bc   0x00000004   Code   RO          810    .ARM.Collect$$rtentry$$0000000A  c_w.l(__rtentry2.o)
    0x080001c0   0x080001c0   0x00000000   Code   RO          812    .ARM.Collect$$rtentry$$0000000C  c_w.l(__rtentry2.o)
    0x080001c0   0x080001c0   0x00000008   Code   RO          813    .ARM.Collect$$rtentry$$0000000D  c_w.l(__rtentry2.o)
    0x080001c8   0x080001c8   0x00000002   Code   RO          836    .ARM.Collect$$rtexit$$00000000  c_w.l(rtexit.o)
    0x080001ca   0x080001ca   0x00000000   Code   RO          884    .ARM.Collect$$rtexit$$00000002  c_w.l(rtexit2.o)
    0x080001ca   0x080001ca   0x00000004   Code   RO          885    .ARM.Collect$$rtexit$$00000003  c_w.l(rtexit2.o)
    0x080001ce   0x080001ce   0x00000006   Code   RO          886    .ARM.Collect$$rtexit$$00000004  c_w.l(rtexit2.o)
    0x080001d4   0x080001d4   0x00000040   Code   RO            4    .text               startup_stm32f10x_hd.o
    0x08000214   0x08000214   0x000001e0   Code   RO           24    .text               system_stm32f10x.o
    0x080003f4   0x080003f4   0x0000044e   Code   RO          137    .text               stm32f10x_adc.o
    0x08000842   0x08000842   0x00000002   PAD
    0x08000844   0x08000844   0x0000035c   Code   RO          269    .text               stm32f10x_gpio.o
    0x08000ba0   0x08000ba0   0x000003a4   Code   RO          317    .text               stm32f10x_rcc.o
    0x08000f44   0x08000f44   0x00000e1a   Code   RO          367    .text               stm32f10x_tim.o
    0x08001d5e   0x08001d5e   0x00000002   PAD
    0x08001d60   0x08001d60   0x00000040   Code   RO          403    .text               main.o
    0x08001da0   0x08001da0   0x00000028   Code   RO          475    .text               stm32f10x_it.o
    0x08001dc8   0x08001dc8   0x00000464   Code   RO          493    .text               app.o
    0x0800222c   0x0800222c   0x00000084   Code   RO          511    .text               bsp.o
    0x080022b0   0x080022b0   0x0000009e   Code   RO          530    .text               bsp_lib.o
    0x0800234e   0x0800234e   0x00000002   PAD
    0x08002350   0x08002350   0x00000044   Code   RO          545    .text               bsp_led.o
    0x08002394   0x08002394   0x000001d4   Code   RO          557    .text               bsp_lcd1602.o
    0x08002568   0x08002568   0x000001d0   Code   RO          569    .text               matrixkey.o
    0x08002738   0x08002738   0x00000218   Code   RO          581    .text               bsp_pwm.o
    0x08002950   0x08002950   0x000000dc   Code   RO          593    .text               bsp_adc.o
    0x08002a2c   0x08002a2c   0x0000086c   Code   RO          618    .text               os_core.o
    0x08003298   0x08003298   0x000007b4   Code   RO          680    .text               os_task.o
    0x08003a4c   0x08003a4c   0x000001b0   Code   RO          692    .text               os_time.o
    0x08003bfc   0x08003bfc   0x000000a4   Code   RO          710    .text               os_cpu_a.o
    0x08003ca0   0x08003ca0   0x000000ae   Code   RO          713    .text               os_cpu_c.o
    0x08003d4e   0x08003d4e   0x00000002   PAD
    0x08003d50   0x08003d50   0x00000028   Code   RO          745    .text               c_w.l(noretval__2sprintf.o)
    0x08003d78   0x08003d78   0x00000068   Code   RO          747    .text               c_w.l(__printf.o)
    0x08003de0   0x08003de0   0x00000078   Code   RO          749    .text               c_w.l(_printf_dec.o)
    0x08003e58   0x08003e58   0x00000006   Code   RO          773    .text               c_w.l(heapauxi.o)
    0x08003e5e   0x08003e5e   0x000000b2   Code   RO          794    .text               c_w.l(_printf_intcommon.o)
    0x08003f10   0x08003f10   0x00000030   Code   RO          796    .text               c_w.l(_printf_char_common.o)
    0x08003f40   0x08003f40   0x0000000a   Code   RO          798    .text               c_w.l(_sputc.o)
    0x08003f4a   0x08003f4a   0x0000004a   Code   RO          823    .text               c_w.l(sys_stackheap_outer.o)
    0x08003f94   0x08003f94   0x00000012   Code   RO          825    .text               c_w.l(exit.o)
    0x08003fa6   0x08003fa6   0x00000002   PAD
    0x08003fa8   0x08003fa8   0x00000008   Code   RO          833    .text               c_w.l(libspace.o)
    0x08003fb0   0x08003fb0   0x0000000c   Code   RO          894    .text               c_w.l(sys_exit.o)
    0x08003fbc   0x08003fbc   0x00000002   Code   RO          905    .text               c_w.l(use_no_semi.o)
    0x08003fbe   0x08003fbe   0x00000000   Code   RO          907    .text               c_w.l(indicate_semi.o)
    0x08003fbe   0x08003fbe   0x00000002   PAD
    0x08003fc0   0x08003fc0   0x00000184   Code   RO          778    x$fpl$fdiv          fz_ws.l(fdiv.o)
    0x08004144   0x08004144   0x0000003e   Code   RO          781    x$fpl$ffixu         fz_ws.l(ffixu.o)
    0x08004182   0x08004182   0x00000002   PAD
    0x08004184   0x08004184   0x00000026   Code   RO          785    x$fpl$ffltu         fz_ws.l(fflt_clz.o)
    0x080041aa   0x080041aa   0x00000002   PAD
    0x080041ac   0x080041ac   0x00000102   Code   RO          791    x$fpl$fmul          fz_ws.l(fmul.o)
    0x080042ae   0x080042ae   0x0000008c   Code   RO          801    x$fpl$fnaninf       fz_ws.l(fnaninf.o)
    0x0800433a   0x0800433a   0x0000000a   Code   RO          803    x$fpl$fretinf       fz_ws.l(fretinf.o)
    0x08004344   0x08004344   0x00000000   Code   RO          805    x$fpl$usenofp       fz_ws.l(usenofp.o)
    0x08004344   0x08004344   0x00000100   Data   RO          620    .constdata          os_core.o
    0x08004444   0x08004444   0x00000020   Data   RO          960    Region$$Table       anon$$obj.o


    Execution Region RW_IRAM1 (Exec base: 0x20000000, Load base: 0x08004464, Size: 0x00001908, Max: 0x00010000, ABSOLUTE)

    Exec Addr    Load Addr    Size         Type   Attr      Idx    E Section Name        Object

    0x20000000   0x08004464   0x00000014   Data   RW           25    .data               system_stm32f10x.o
    0x20000014   0x08004478   0x00000014   Data   RW          318    .data               stm32f10x_rcc.o
    0x20000028   0x0800448c   0x00000002   Data   RW          606    .data               global_variables.o
    0x2000002a   0x0800448e   0x00000002   PAD
    0x2000002c   0x08004490   0x00000040   Data   RW          621    .data               os_core.o
    0x2000006c        -       0x00000620   Zero   RW          494    .bss                app.o
    0x2000068c        -       0x00000022   Zero   RW          605    .bss                global_variables.o
    0x200006ae   0x080044d0   0x00000002   PAD
    0x200006b0        -       0x00000bf8   Zero   RW          619    .bss                os_core.o
    0x200012a8        -       0x00000060   Zero   RW          834    .bss                c_w.l(libspace.o)
    0x20001308        -       0x00000200   Zero   RW            2    HEAP                startup_stm32f10x_hd.o
    0x20001508        -       0x00000400   Zero   RW            1    STACK               startup_stm32f10x_hd.o


==============================================================================

Image component sizes


      Code (inc. data)   RO Data    RW Data    ZI Data      Debug   Object Name

      1124         88          0          0       1568       2921   app.o
       132         14          0          0          0      16022   bsp.o
       220         10          0          0          0        911   bsp_adc.o
       468         10          0          0          0       2183   bsp_lcd1602.o
        68          6          0          0          0        603   bsp_led.o
       158          0          0          0          0        688   bsp_lib.o
       536         18          0          0          0       1579   bsp_pwm.o
         0          0          0          0          0       4508   core_cm3.o
         0          0          0          2         34       1015   global_variables.o
        64         10          0          0          0       7683   main.o
       464          8          0          0          0       1104   matrixkey.o
      2156        216        256         64       3064      13899   os_core.o
       164         32          0          0          0        328   os_cpu_a.o
       174          0          0          0          0       9422   os_cpu_c.o
      1972         68          0          0          0       7745   os_task.o
       432         30          0          0          0       1850   os_time.o
        64         26        304          0       1536        864   startup_stm32f10x_hd.o
      1102         26          0          0          0      11145   stm32f10x_adc.o
       860         38          0          0          0       5833   stm32f10x_gpio.o
        40          0          0          0          0       1294   stm32f10x_it.o
       932         36          0         20          0       9032   stm32f10x_rcc.o
      3610         88          0          0          0      22948   stm32f10x_tim.o
       480         38          0         20          0     251659   system_stm32f10x.o

    ----------------------------------------------------------------------
     15228        762        592        108       6204     375236   Object Totals
         0          0         32          0          0          0   (incl. Generated)
         8          0          0          2          2          0   (incl. Padding)

    ----------------------------------------------------------------------

      Code (inc. data)   RO Data    RW Data    ZI Data      Debug   Library Member Name

         8          0          0          0          0         68   __main.o
       104          0          0          0          0         84   __printf.o
         0          0          0          0          0          0   __rtentry.o
        12          0          0          0          0          0   __rtentry2.o
         6          0          0          0          0          0   __rtentry4.o
        52          8          0          0          0          0   __scatter.o
        26          0          0          0          0          0   __scatter_copy.o
        28          0          0          0          0          0   __scatter_zi.o
        48          6          0          0          0         96   _printf_char_common.o
         6          0          0          0          0          0   _printf_d.o
       120         16          0          0          0         92   _printf_dec.o
       178          0          0          0          0         88   _printf_intcommon.o
         0          0          0          0          0          0   _printf_percent.o
         4          0          0          0          0          0   _printf_percent_end.o
        10          0          0          0          0         68   _sputc.o
        18          0          0          0          0         80   exit.o
         6          0          0          0          0        152   heapauxi.o
         0          0          0          0          0          0   indicate_semi.o
         2          0          0          0          0          0   libinit.o
         2          0          0          0          0          0   libinit2.o
         2          0          0          0          0          0   libshutdown.o
         2          0          0          0          0          0   libshutdown2.o
         8          4          0          0         96         68   libspace.o
        40          6          0          0          0         84   noretval__2sprintf.o
         2          0          0          0          0          0   rtexit.o
        10          0          0          0          0          0   rtexit2.o
        12          4          0          0          0         68   sys_exit.o
        74          0          0          0          0         80   sys_stackheap_outer.o
         2          0          0          0          0         68   use_no_semi.o
       388         76          0          0          0         96   fdiv.o
        62          4          0          0          0         84   ffixu.o
        38          0          0          0          0         68   fflt_clz.o
       258          4          0          0          0         84   fmul.o
       140          4          0          0          0         84   fnaninf.o
        10          0          0          0          0         68   fretinf.o
         0          0          0          0          0          0   usenofp.o

    ----------------------------------------------------------------------
      1688        132          0          0         96       1580   Library Totals
        10          0          0          0          0          0   (incl. Padding)

    ----------------------------------------------------------------------

      Code (inc. data)   RO Data    RW Data    ZI Data      Debug   Library Name

       782         44          0          0         96       1096   c_w.l
       896         88          0          0          0        484   fz_ws.l

    ----------------------------------------------------------------------
      1688        132          0          0         96       1580   Library Totals

    ----------------------------------------------------------------------

==============================================================================


      Code (inc. data)   RO Data    RW Data    ZI Data      Debug   

     16916        894        592        108       6300     374368   Grand Totals
     16916        894        592        108       6300     374368   ELF Image Totals
     16916        894        592        108          0          0   ROM Totals

==============================================================================

    Total RO  Size (Code + RO Data)                17508 (  17.10kB)
    Total RW  Size (RW Data + ZI Data)              6408 (   6.26kB)
    Total ROM Size (Code + RO Data + RW Data)      17616 (  17.20kB)

==============================================================================

